../Core/Src/main.c:165:6:zet_blauw_licht_aan	8	static
../Core/Src/main.c:171:6:zet_groen_licht_aan	8	static
../Core/Src/main.c:177:6:zet_rood_licht_aan	8	static
../Core/Src/main.c:183:6:groen_knipperend	8	static
../Core/Src/main.c:191:6:blauw_knipperend	8	static
../Core/Src/main.c:197:6:update_status	16	static
../Core/Src/main.c:206:6:send_active_scenario_to_gui	80	static
../Core/Src/main.c:215:6:send_status_to_gui	16	static
../Core/Src/main.c:224:6:receive_settings_and_update_status	8	static
../Core/Src/main.c:237:6:run_test_procedure	4	static
../Core/Src/main.c:250:6:CheckReceivedData	8	static
../Core/Src/main.c:261:6:parse_received_data	104	static
../Core/Src/main.c:289:5:main	8	static
../Core/Src/main.c:394:6:SystemClock_Config	88	static
../Core/Src/main.c:441:13:MX_I2S1_Init	8	static
../Core/Src/main.c:475:13:MX_SPI2_Init	8	static
../Core/Src/main.c:513:13:MX_TIM2_Init	32	static
../Core/Src/main.c:558:13:MX_USART1_UART_Init	8	static
../Core/Src/main.c:591:13:MX_USART3_UART_Init	8	static
../Core/Src/main.c:624:13:MX_GPIO_Init	56	static
../Core/Src/main.c:689:6:StartDefaultTask	16	static
../Core/Src/main.c:712:6:StartKnopThread	16	static
../Core/Src/main.c:738:6:StartLEDThread	24	static
../Core/Src/main.c:812:6:Simulate_DAC	24	static
../Core/Src/main.c:873:6:Error_Handler	4	static,ignoring_inline_asm
