../Core/Src/main.c:193:6:calculate_three_phase_sine_wave_samples	56	static
../Core/Src/main.c:229:6:select_test_scenario	16	static
../Core/Src/main.c:278:6:DAC8564_Write	24	static
../Core/Src/main.c:289:6:HAL_TIM_PeriodElapsedCallback	16	static
../Core/Src/main.c:301:6:SET_refference	16	static
../Core/Src/main.c:316:6:zet_blauw_licht_aan	8	static
../Core/Src/main.c:322:6:zet_groen_licht_aan	8	static
../Core/Src/main.c:328:6:zet_rood_licht_aan	8	static
../Core/Src/main.c:334:6:groen_knipperend	8	static
../Core/Src/main.c:342:6:blauw_knipperend	8	static
../Core/Src/main.c:348:6:update_status	16	static
../Core/Src/main.c:355:6:send_active_scenario_to_gui	80	static
../Core/Src/main.c:364:6:send_status_to_gui	16	static
../Core/Src/main.c:372:6:receive_settings_and_update_status	8	static
../Core/Src/main.c:381:6:CheckReceivedData	8	static
../Core/Src/main.c:392:6:parse_received_data	104	static
../Core/Src/main.c:419:5:main	8	static
../Core/Src/main.c:515:6:SystemClock_Config	88	static
../Core/Src/main.c:562:13:MX_I2S1_Init	8	static
../Core/Src/main.c:596:13:MX_SPI2_Init	8	static
../Core/Src/main.c:634:13:MX_TIM2_Init	32	static
../Core/Src/main.c:679:13:MX_USART1_UART_Init	8	static
../Core/Src/main.c:712:13:MX_USART3_UART_Init	8	static
../Core/Src/main.c:745:13:MX_GPIO_Init	56	static
../Core/Src/main.c:810:6:StartDefaultTask	16	static
../Core/Src/main.c:830:6:StartKnopThread	16	static
../Core/Src/main.c:848:6:StartLEDThread	16	static
../Core/Src/main.c:866:6:Simulate_DAC	24	static
../Core/Src/main.c:927:6:Error_Handler	4	static,ignoring_inline_asm
