Archive member included to satisfy reference by file (symbol)

c:/st/stm32cubeide_1.12.0/stm32cubeide/plugins/com.st.stm32cube.ide.mcu.externaltools.gnu-tools-for-stm32.10.3-2021.10.win32_1.0.200.202301161003/tools/bin/../lib/gcc/arm-none-eabi/10.3.1/../../../../arm-none-eabi/lib/thumb/v7e-m+fp/hard\libc_nano.a(lib_a-errno.o)
                              ./Core/Src/syscalls.o (__errno)
c:/st/stm32cubeide_1.12.0/stm32cubeide/plugins/com.st.stm32cube.ide.mcu.externaltools.gnu-tools-for-stm32.10.3-2021.10.win32_1.0.200.202301161003/tools/bin/../lib/gcc/arm-none-eabi/10.3.1/../../../../arm-none-eabi/lib/thumb/v7e-m+fp/hard\libc_nano.a(lib_a-exit.o)
                              c:/st/stm32cubeide_1.12.0/stm32cubeide/plugins/com.st.stm32cube.ide.mcu.externaltools.gnu-tools-for-stm32.10.3-2021.10.win32_1.0.200.202301161003/tools/bin/../lib/gcc/arm-none-eabi/10.3.1/../../../../arm-none-eabi/lib/thumb/v7e-m+fp/hard/crt0.o (exit)
c:/st/stm32cubeide_1.12.0/stm32cubeide/plugins/com.st.stm32cube.ide.mcu.externaltools.gnu-tools-for-stm32.10.3-2021.10.win32_1.0.200.202301161003/tools/bin/../lib/gcc/arm-none-eabi/10.3.1/../../../../arm-none-eabi/lib/thumb/v7e-m+fp/hard\libc_nano.a(lib_a-impure.o)
                              c:/st/stm32cubeide_1.12.0/stm32cubeide/plugins/com.st.stm32cube.ide.mcu.externaltools.gnu-tools-for-stm32.10.3-2021.10.win32_1.0.200.202301161003/tools/bin/../lib/gcc/arm-none-eabi/10.3.1/../../../../arm-none-eabi/lib/thumb/v7e-m+fp/hard\libc_nano.a(lib_a-exit.o) (_global_impure_ptr)
c:/st/stm32cubeide_1.12.0/stm32cubeide/plugins/com.st.stm32cube.ide.mcu.externaltools.gnu-tools-for-stm32.10.3-2021.10.win32_1.0.200.202301161003/tools/bin/../lib/gcc/arm-none-eabi/10.3.1/../../../../arm-none-eabi/lib/thumb/v7e-m+fp/hard\libc_nano.a(lib_a-init.o)
                              c:/st/stm32cubeide_1.12.0/stm32cubeide/plugins/com.st.stm32cube.ide.mcu.externaltools.gnu-tools-for-stm32.10.3-2021.10.win32_1.0.200.202301161003/tools/bin/../lib/gcc/arm-none-eabi/10.3.1/../../../../arm-none-eabi/lib/thumb/v7e-m+fp/hard/crt0.o (__libc_init_array)
c:/st/stm32cubeide_1.12.0/stm32cubeide/plugins/com.st.stm32cube.ide.mcu.externaltools.gnu-tools-for-stm32.10.3-2021.10.win32_1.0.200.202301161003/tools/bin/../lib/gcc/arm-none-eabi/10.3.1/../../../../arm-none-eabi/lib/thumb/v7e-m+fp/hard\libc_nano.a(lib_a-memset.o)
                              c:/st/stm32cubeide_1.12.0/stm32cubeide/plugins/com.st.stm32cube.ide.mcu.externaltools.gnu-tools-for-stm32.10.3-2021.10.win32_1.0.200.202301161003/tools/bin/../lib/gcc/arm-none-eabi/10.3.1/../../../../arm-none-eabi/lib/thumb/v7e-m+fp/hard/crt0.o (memset)
c:/st/stm32cubeide_1.12.0/stm32cubeide/plugins/com.st.stm32cube.ide.mcu.externaltools.gnu-tools-for-stm32.10.3-2021.10.win32_1.0.200.202301161003/tools/bin/../lib/gcc/arm-none-eabi/10.3.1/thumb/v7e-m+fp/hard\libgcc.a(_aeabi_uldivmod.o)
                              ./Drivers/STM32F4xx_HAL_Driver/Src/stm32f4xx_hal_rcc.o (__aeabi_uldivmod)
c:/st/stm32cubeide_1.12.0/stm32cubeide/plugins/com.st.stm32cube.ide.mcu.externaltools.gnu-tools-for-stm32.10.3-2021.10.win32_1.0.200.202301161003/tools/bin/../lib/gcc/arm-none-eabi/10.3.1/thumb/v7e-m+fp/hard\libgcc.a(_udivmoddi4.o)
                              c:/st/stm32cubeide_1.12.0/stm32cubeide/plugins/com.st.stm32cube.ide.mcu.externaltools.gnu-tools-for-stm32.10.3-2021.10.win32_1.0.200.202301161003/tools/bin/../lib/gcc/arm-none-eabi/10.3.1/thumb/v7e-m+fp/hard\libgcc.a(_aeabi_uldivmod.o) (__udivmoddi4)
c:/st/stm32cubeide_1.12.0/stm32cubeide/plugins/com.st.stm32cube.ide.mcu.externaltools.gnu-tools-for-stm32.10.3-2021.10.win32_1.0.200.202301161003/tools/bin/../lib/gcc/arm-none-eabi/10.3.1/thumb/v7e-m+fp/hard\libgcc.a(_dvmd_tls.o)
                              c:/st/stm32cubeide_1.12.0/stm32cubeide/plugins/com.st.stm32cube.ide.mcu.externaltools.gnu-tools-for-stm32.10.3-2021.10.win32_1.0.200.202301161003/tools/bin/../lib/gcc/arm-none-eabi/10.3.1/thumb/v7e-m+fp/hard\libgcc.a(_aeabi_uldivmod.o) (__aeabi_ldiv0)

Discarded input sections

 .text          0x0000000000000000        0x0 c:/st/stm32cubeide_1.12.0/stm32cubeide/plugins/com.st.stm32cube.ide.mcu.externaltools.gnu-tools-for-stm32.10.3-2021.10.win32_1.0.200.202301161003/tools/bin/../lib/gcc/arm-none-eabi/10.3.1/thumb/v7e-m+fp/hard/crti.o
 .data          0x0000000000000000        0x0 c:/st/stm32cubeide_1.12.0/stm32cubeide/plugins/com.st.stm32cube.ide.mcu.externaltools.gnu-tools-for-stm32.10.3-2021.10.win32_1.0.200.202301161003/tools/bin/../lib/gcc/arm-none-eabi/10.3.1/thumb/v7e-m+fp/hard/crti.o
 .bss           0x0000000000000000        0x0 c:/st/stm32cubeide_1.12.0/stm32cubeide/plugins/com.st.stm32cube.ide.mcu.externaltools.gnu-tools-for-stm32.10.3-2021.10.win32_1.0.200.202301161003/tools/bin/../lib/gcc/arm-none-eabi/10.3.1/thumb/v7e-m+fp/hard/crti.o
[...]
Memory Configuration

Name             Origin             Length             Attributes
RAM              0x0000000020000000 0x0000000000020000 xrw
FLASH            0x0000000008000000 0x0000000000080000 xr
*default*        0x0000000000000000 0xffffffffffffffff

Linker script and memory map

LOAD c:/st/stm32cubeide_1.12.0/stm32cubeide/plugins/com.st.stm32cube.ide.mcu.externaltools.gnu-tools-for-stm32.10.3-2021.10.win32_1.0.200.202301161003/tools/bin/../lib/gcc/arm-none-eabi/10.3.1/thumb/v7e-m+fp/hard/crti.o
LOAD c:/st/stm32cubeide_1.12.0/stm32cubeide/plugins/com.st.stm32cube.ide.mcu.externaltools.gnu-tools-for-stm32.10.3-2021.10.win32_1.0.200.202301161003/tools/bin/../lib/gcc/arm-none-eabi/10.3.1/thumb/v7e-m+fp/hard/crtbegin.o
LOAD c:/st/stm32cubeide_1.12.0/stm32cubeide/plugins/com.st.stm32cube.ide.mcu.externaltools.gnu-tools-for-stm32.10.3-2021.10.win32_1.0.200.202301161003/tools/bin/../lib/gcc/arm-none-eabi/10.3.1/../../../../arm-none-eabi/lib/thumb/v7e-m+fp/hard/crt0.o
LOAD ./Core/Src/main.o
LOAD ./Core/Src/stm32f4xx_hal_msp.o
LOAD ./Core/Src/stm32f4xx_it.o
LOAD ./Core/Src/syscalls.o
LOAD ./Core/Src/sysmem.o
LOAD ./Core/Src/system_stm32f4xx.o
LOAD ./Core/Startup/startup_stm32f446zetx.o
LOAD ./Drivers/STM32F4xx_HAL_Driver/Src/stm32f4xx_hal.o
LOAD ./Drivers/STM32F4xx_HAL_Driver/Src/stm32f4xx_hal_cortex.o
LOAD ./Drivers/STM32F4xx_HAL_Driver/Src/stm32f4xx_hal_dma.o
LOAD ./Drivers/STM32F4xx_HAL_Driver/Src/stm32f4xx_hal_dma_ex.o
LOAD ./Drivers/STM32F4xx_HAL_Driver/Src/stm32f4xx_hal_exti.o
LOAD ./Drivers/STM32F4xx_HAL_Driver/Src/stm32f4xx_hal_flash.o
LOAD ./Drivers/STM32F4xx_HAL_Driver/Src/stm32f4xx_hal_flash_ex.o
LOAD ./Drivers/STM32F4xx_HAL_Driver/Src/stm32f4xx_hal_flash_ramfunc.o
LOAD ./Drivers/STM32F4xx_HAL_Driver/Src/stm32f4xx_hal_gpio.o
LOAD ./Drivers/STM32F4xx_HAL_Driver/Src/stm32f4xx_hal_i2s.o
LOAD ./Drivers/STM32F4xx_HAL_Driver/Src/stm32f4xx_hal_i2s_ex.o
LOAD ./Drivers/STM32F4xx_HAL_Driver/Src/stm32f4xx_hal_pcd.o
LOAD ./Drivers/STM32F4xx_HAL_Driver/Src/stm32f4xx_hal_pcd_ex.o
LOAD ./Drivers/STM32F4xx_HAL_Driver/Src/stm32f4xx_hal_pwr.o
LOAD ./Drivers/STM32F4xx_HAL_Driver/Src/stm32f4xx_hal_pwr_ex.o
LOAD ./Drivers/STM32F4xx_HAL_Driver/Src/stm32f4xx_hal_rcc.o
LOAD ./Drivers/STM32F4xx_HAL_Driver/Src/stm32f4xx_hal_rcc_ex.o
LOAD ./Drivers/STM32F4xx_HAL_Driver/Src/stm32f4xx_hal_spi.o
LOAD ./Drivers/STM32F4xx_HAL_Driver/Src/stm32f4xx_hal_tim.o
LOAD ./Drivers/STM32F4xx_HAL_Driver/Src/stm32f4xx_hal_tim_ex.o
LOAD ./Drivers/STM32F4xx_HAL_Driver/Src/stm32f4xx_hal_uart.o
LOAD ./Drivers/STM32F4xx_HAL_Driver/Src/stm32f4xx_ll_usb.o
LOAD ./Middlewares/ST/STM32_USB_Device_Library/Class/CDC/Src/usbd_cdc.o
LOAD ./Middlewares/ST/STM32_USB_Device_Library/Core/Src/usbd_core.o
LOAD ./Middlewares/ST/STM32_USB_Device_Library/Core/Src/usbd_ctlreq.o
LOAD ./Middlewares/ST/STM32_USB_Device_Library/Core/Src/usbd_ioreq.o
LOAD ./USB_DEVICE/App/usb_device.o
LOAD ./USB_DEVICE/App/usbd_cdc_if.o
LOAD ./USB_DEVICE/App/usbd_desc.o
LOAD ./USB_DEVICE/Target/usbd_conf.o
START GROUP
LOAD c:/st/stm32cubeide_1.12.0/stm32cubeide/plugins/com.st.stm32cube.ide.mcu.externaltools.gnu-tools-for-stm32.10.3-2021.10.win32_1.0.200.202301161003/tools/bin/../lib/gcc/arm-none-eabi/10.3.1/../../../../arm-none-eabi/lib/thumb/v7e-m+fp/hard\libc_nano.a
LOAD c:/st/stm32cubeide_1.12.0/stm32cubeide/plugins/com.st.stm32cube.ide.mcu.externaltools.gnu-tools-for-stm32.10.3-2021.10.win32_1.0.200.202301161003/tools/bin/../lib/gcc/arm-none-eabi/10.3.1/../../../../arm-none-eabi/lib/thumb/v7e-m+fp/hard\libm.a
END GROUP
START GROUP
LOAD c:/st/stm32cubeide_1.12.0/stm32cubeide/plugins/com.st.stm32cube.ide.mcu.externaltools.gnu-tools-for-stm32.10.3-2021.10.win32_1.0.200.202301161003/tools/bin/../lib/gcc/arm-none-eabi/10.3.1/thumb/v7e-m+fp/hard\libgcc.a
LOAD c:/st/stm32cubeide_1.12.0/stm32cubeide/plugins/com.st.stm32cube.ide.mcu.externaltools.gnu-tools-for-stm32.10.3-2021.10.win32_1.0.200.202301161003/tools/bin/../lib/gcc/arm-none-eabi/10.3.1/../../../../arm-none-eabi/lib/thumb/v7e-m+fp/hard\libc_nano.a
END GROUP
START GROUP
LOAD c:/st/stm32cubeide_1.12.0/stm32cubeide/plugins/com.st.stm32cube.ide.mcu.externaltools.gnu-tools-for-stm32.10.3-2021.10.win32_1.0.200.202301161003/tools/bin/../lib/gcc/arm-none-eabi/10.3.1/thumb/v7e-m+fp/hard\libgcc.a
LOAD c:/st/stm32cubeide_1.12.0/stm32cubeide/plugins/com.st.stm32cube.ide.mcu.externaltools.gnu-tools-for-stm32.10.3-2021.10.win32_1.0.200.202301161003/tools/bin/../lib/gcc/arm-none-eabi/10.3.1/../../../../arm-none-eabi/lib/thumb/v7e-m+fp/hard\libc_nano.a
LOAD c:/st/stm32cubeide_1.12.0/stm32cubeide/plugins/com.st.stm32cube.ide.mcu.externaltools.gnu-tools-for-stm32.10.3-2021.10.win32_1.0.200.202301161003/tools/bin/../lib/gcc/arm-none-eabi/10.3.1/../../../../arm-none-eabi/lib/thumb/v7e-m+fp/hard\libnosys.a
END GROUP
START GROUP
LOAD c:/st/stm32cubeide_1.12.0/stm32cubeide/plugins/com.st.stm32cube.ide.mcu.externaltools.gnu-tools-for-stm32.10.3-2021.10.win32_1.0.200.202301161003/tools/bin/../lib/gcc/arm-none-eabi/10.3.1/thumb/v7e-m+fp/hard\libgcc.a
LOAD c:/st/stm32cubeide_1.12.0/stm32cubeide/plugins/com.st.stm32cube.ide.mcu.externaltools.gnu-tools-for-stm32.10.3-2021.10.win32_1.0.200.202301161003/tools/bin/../lib/gcc/arm-none-eabi/10.3.1/../../../../arm-none-eabi/lib/thumb/v7e-m+fp/hard\libc_nano.a
LOAD c:/st/stm32cubeide_1.12.0/stm32cubeide/plugins/com.st.stm32cube.ide.mcu.externaltools.gnu-tools-for-stm32.10.3-2021.10.win32_1.0.200.202301161003/tools/bin/../lib/gcc/arm-none-eabi/10.3.1/../../../../arm-none-eabi/lib/thumb/v7e-m+fp/hard\libnosys.a
END GROUP
LOAD c:/st/stm32cubeide_1.12.0/stm32cubeide/plugins/com.st.stm32cube.ide.mcu.externaltools.gnu-tools-for-stm32.10.3-2021.10.win32_1.0.200.202301161003/tools/bin/../lib/gcc/arm-none-eabi/10.3.1/thumb/v7e-m+fp/hard/crtend.o
LOAD c:/st/stm32cubeide_1.12.0/stm32cubeide/plugins/com.st.stm32cube.ide.mcu.externaltools.gnu-tools-for-stm32.10.3-2021.10.win32_1.0.200.202301161003/tools/bin/../lib/gcc/arm-none-eabi/10.3.1/thumb/v7e-m+fp/hard/crtn.o
                0x0000000020020000                _estack = (ORIGIN (RAM) + LENGTH (RAM))
                0x0000000000000200                _Min_Heap_Size = 0x200
                0x0000000000000400                _Min_Stack_Size = 0x400

.isr_vector     0x0000000008000000      0x1c4
                0x0000000008000000                . = ALIGN (0x4)
 *(.isr_vector)
 .isr_vector    0x0000000008000000      0x1c4 ./Core/Startup/startup_stm32f446zetx.o
                0x0000000008000000                g_pfnVectors
                0x00000000080001c4                . = ALIGN (0x4)

.text           0x00000000080001c4     0x8fec
                0x00000000080001c4                . = ALIGN (0x4)
 *(.text)
 .text          0x00000000080001c4       0x40 c:/st/stm32cubeide_1.12.0/stm32cubeide/plugins/com.st.stm32cube.ide.mcu.externaltools.gnu-tools-for-stm32.10.3-2021.10.win32_1.0.200.202301161003/tools/bin/../lib/gcc/arm-none-eabi/10.3.1/thumb/v7e-m+fp/hard/crtbegin.o
 .text          0x0000000008000204       0x30 c:/st/stm32cubeide_1.12.0/stm32cubeide/plugins/com.st.stm32cube.ide.mcu.externaltools.gnu-tools-for-stm32.10.3-2021.10.win32_1.0.200.202301161003/tools/bin/../lib/gcc/arm-none-eabi/10.3.1/thumb/v7e-m+fp/hard\libgcc.a(_aeabi_uldivmod.o)
                0x0000000008000204                __aeabi_uldivmod
 .text          0x0000000008000234      0x2d0 c:/st/stm32cubeide_1.12.0/stm32cubeide/plugins/com.st.stm32cube.ide.mcu.externaltools.gnu-tools-for-stm32.10.3-2021.10.win32_1.0.200.202301161003/tools/bin/../lib/gcc/arm-none-eabi/10.3.1/thumb/v7e-m+fp/hard\libgcc.a(_udivmoddi4.o)
                0x0000000008000234                __udivmoddi4
 .text          0x0000000008000504        0x4 c:/st/stm32cubeide_1.12.0/stm32cubeide/plugins/com.st.stm32cube.ide.mcu.externaltools.gnu-tools-for-stm32.10.3-2021.10.win32_1.0.200.202301161003/tools/bin/../lib/gcc/arm-none-eabi/10.3.1/thumb/v7e-m+fp/hard\libgcc.a(_dvmd_tls.o)
                0x0000000008000504                __aeabi_idiv0
                0x0000000008000504                __aeabi_ldiv0
 *(.text*)
 .text.zet_blauw_licht_aan
                0x0000000008000508       0x2c ./Core/Src/main.o
                0x0000000008000508                zet_blauw_licht_aan
 .text.zet_groen_licht_aan
                0x0000000008000534       0x2c ./Core/Src/main.o
                0x0000000008000534                zet_groen_licht_aan
 .text.zet_rood_licht_aan
                0x0000000008000560       0x2c ./Core/Src/main.o
                0x0000000008000560                zet_rood_licht_aan
 .text.groen_knipperend
                0x000000000800058c       0x28 ./Core/Src/main.o
                0x000000000800058c                groen_knipperend
 .text.update_status
                0x00000000080005b4       0x58 ./Core/Src/main.o
                0x00000000080005b4                update_status
 .text.check_knoppen
                0x000000000800060c       0x54 ./Core/Src/main.o
                0x000000000800060c                check_knoppen
 .text.main     0x0000000008000660       0x6c ./Core/Src/main.o
                0x0000000008000660                main
 .text.SystemClock_Config
                0x00000000080006cc       0xd8 ./Core/Src/main.o
                0x00000000080006cc                SystemClock_Config
 .text.PeriphCommonClock_Config
                0x00000000080007a4       0x50 ./Core/Src/main.o
                0x00000000080007a4                PeriphCommonClock_Config
 .text.MX_I2S1_Init
                0x00000000080007f4       0x5c ./Core/Src/main.o
 .text.MX_I2S2_Init
                0x0000000008000850       0x5c ./Core/Src/main.o
 .text.MX_I2S3_Init
                0x00000000080008ac       0x5c ./Core/Src/main.o
 .text.MX_SPI4_Init
                0x0000000008000908       0x6c ./Core/Src/main.o
 .text.MX_USART1_UART_Init
                0x0000000008000974       0x54 ./Core/Src/main.o
 .text.MX_USART3_UART_Init
                0x00000000080009c8       0x54 ./Core/Src/main.o
 .text.MX_GPIO_Init
                0x0000000008000a1c      0x180 ./Core/Src/main.o
 .text.Error_Handler
                0x0000000008000b9c        0xa ./Core/Src/main.o
                0x0000000008000b9c                Error_Handler
 *fill*         0x0000000008000ba6        0x2 
 .text.HAL_MspInit
                0x0000000008000ba8       0x50 ./Core/Src/stm32f4xx_hal_msp.o
                0x0000000008000ba8                HAL_MspInit
 .text.HAL_I2S_MspInit
                0x0000000008000bf8      0x224 ./Core/Src/stm32f4xx_hal_msp.o
                0x0000000008000bf8                HAL_I2S_MspInit
 .text.HAL_SPI_MspInit
                0x0000000008000e1c       0x90 ./Core/Src/stm32f4xx_hal_msp.o
                0x0000000008000e1c                HAL_SPI_MspInit
 .text.HAL_UART_MspInit
                0x0000000008000eac       0xf8 ./Core/Src/stm32f4xx_hal_msp.o
                0x0000000008000eac                HAL_UART_MspInit
 .text.NMI_Handler
                0x0000000008000fa4        0x6 ./Core/Src/stm32f4xx_it.o
                0x0000000008000fa4                NMI_Handler
 .text.HardFault_Handler
                0x0000000008000faa        0x6 ./Core/Src/stm32f4xx_it.o
                0x0000000008000faa                HardFault_Handler
 .text.MemManage_Handler
                0x0000000008000fb0        0x6 ./Core/Src/stm32f4xx_it.o
                0x0000000008000fb0                MemManage_Handler
 .text.BusFault_Handler
                0x0000000008000fb6        0x6 ./Core/Src/stm32f4xx_it.o
                0x0000000008000fb6                BusFault_Handler
 .text.UsageFault_Handler
                0x0000000008000fbc        0x6 ./Core/Src/stm32f4xx_it.o
                0x0000000008000fbc                UsageFault_Handler
 .text.SVC_Handler
                0x0000000008000fc2        0xe ./Core/Src/stm32f4xx_it.o
                0x0000000008000fc2                SVC_Handler
 .text.DebugMon_Handler
                0x0000000008000fd0        0xe ./Core/Src/stm32f4xx_it.o
                0x0000000008000fd0                DebugMon_Handler
 .text.PendSV_Handler
                0x0000000008000fde        0xe ./Core/Src/stm32f4xx_it.o
                0x0000000008000fde                PendSV_Handler
 .text.SysTick_Handler
                0x0000000008000fec        0xc ./Core/Src/stm32f4xx_it.o
                0x0000000008000fec                SysTick_Handler
 .text.OTG_FS_IRQHandler
                0x0000000008000ff8       0x14 ./Core/Src/stm32f4xx_it.o
                0x0000000008000ff8                OTG_FS_IRQHandler
 .text.SystemInit
                0x000000000800100c       0x24 ./Core/Src/system_stm32f4xx.o
                0x000000000800100c                SystemInit
 .text.Reset_Handler
                0x0000000008001030       0x50 ./Core/Startup/startup_stm32f446zetx.o
                0x0000000008001030                Reset_Handler
 .text.Default_Handler
                0x0000000008001080        0x2 ./Core/Startup/startup_stm32f446zetx.o
                0x0000000008001080                RTC_Alarm_IRQHandler
                0x0000000008001080                EXTI2_IRQHandler
                0x0000000008001080                TIM8_CC_IRQHandler
                0x0000000008001080                FMPI2C1_EV_IRQHandler
                0x0000000008001080                SPI4_IRQHandler
                0x0000000008001080                TIM1_CC_IRQHandler
                0x0000000008001080                DMA2_Stream5_IRQHandler
                0x0000000008001080                DMA1_Stream5_IRQHandler
                0x0000000008001080                PVD_IRQHandler
                0x0000000008001080                SDIO_IRQHandler
                0x0000000008001080                TAMP_STAMP_IRQHandler
                0x0000000008001080                CAN2_RX1_IRQHandler
                0x0000000008001080                EXTI3_IRQHandler
                0x0000000008001080                TIM8_TRG_COM_TIM14_IRQHandler
                0x0000000008001080                TIM1_UP_TIM10_IRQHandler
                0x0000000008001080                TIM8_UP_TIM13_IRQHandler
                0x0000000008001080                I2C3_ER_IRQHandler
                0x0000000008001080                EXTI0_IRQHandler
                0x0000000008001080                I2C2_EV_IRQHandler
                0x0000000008001080                DMA1_Stream2_IRQHandler
                0x0000000008001080                CAN1_RX0_IRQHandler
                0x0000000008001080                FPU_IRQHandler
                0x0000000008001080                OTG_HS_WKUP_IRQHandler
                0x0000000008001080                CAN2_SCE_IRQHandler
                0x0000000008001080                DMA2_Stream2_IRQHandler
                0x0000000008001080                SPI1_IRQHandler
                0x0000000008001080                TIM6_DAC_IRQHandler
                0x0000000008001080                TIM1_BRK_TIM9_IRQHandler
                0x0000000008001080                DCMI_IRQHandler
                0x0000000008001080                CAN2_RX0_IRQHandler
                0x0000000008001080                DMA2_Stream3_IRQHandler
                0x0000000008001080                SAI2_IRQHandler
                0x0000000008001080                USART6_IRQHandler
                0x0000000008001080                USART3_IRQHandler
                0x0000000008001080                CAN1_RX1_IRQHandler
                0x0000000008001080                UART5_IRQHandler
                0x0000000008001080                DMA2_Stream0_IRQHandler
                0x0000000008001080                TIM4_IRQHandler
                0x0000000008001080                QUADSPI_IRQHandler
                0x0000000008001080                I2C1_EV_IRQHandler
                0x0000000008001080                DMA1_Stream6_IRQHandler
                0x0000000008001080                DMA1_Stream1_IRQHandler
                0x0000000008001080                UART4_IRQHandler
                0x0000000008001080                TIM3_IRQHandler
                0x0000000008001080                RCC_IRQHandler
                0x0000000008001080                TIM8_BRK_TIM12_IRQHandler
                0x0000000008001080                Default_Handler
                0x0000000008001080                CEC_IRQHandler
                0x0000000008001080                EXTI15_10_IRQHandler
                0x0000000008001080                ADC_IRQHandler
                0x0000000008001080                DMA1_Stream7_IRQHandler
                0x0000000008001080                TIM7_IRQHandler
                0x0000000008001080                CAN2_TX_IRQHandler
                0x0000000008001080                TIM5_IRQHandler
                0x0000000008001080                DMA2_Stream7_IRQHandler
                0x0000000008001080                I2C3_EV_IRQHandler
                0x0000000008001080                EXTI9_5_IRQHandler
                0x0000000008001080                RTC_WKUP_IRQHandler
                0x0000000008001080                SPDIF_RX_IRQHandler
                0x0000000008001080                SPI2_IRQHandler
                0x0000000008001080                OTG_HS_EP1_IN_IRQHandler
                0x0000000008001080                DMA1_Stream0_IRQHandler
                0x0000000008001080                CAN1_TX_IRQHandler
                0x0000000008001080                FMPI2C1_ER_IRQHandler
                0x0000000008001080                EXTI4_IRQHandler
                0x0000000008001080                OTG_HS_EP1_OUT_IRQHandler
                0x0000000008001080                WWDG_IRQHandler
                0x0000000008001080                TIM2_IRQHandler
                0x0000000008001080                OTG_FS_WKUP_IRQHandler
                0x0000000008001080                TIM1_TRG_COM_TIM11_IRQHandler
                0x0000000008001080                OTG_HS_IRQHandler
                0x0000000008001080                EXTI1_IRQHandler
                0x0000000008001080                USART2_IRQHandler
                0x0000000008001080                I2C2_ER_IRQHandler
                0x0000000008001080                DMA2_Stream1_IRQHandler
                0x0000000008001080                CAN1_SCE_IRQHandler
                0x0000000008001080                FLASH_IRQHandler
                0x0000000008001080                DMA2_Stream4_IRQHandler
                0x0000000008001080                USART1_IRQHandler
                0x0000000008001080                SPI3_IRQHandler
                0x0000000008001080                DMA1_Stream4_IRQHandler
                0x0000000008001080                I2C1_ER_IRQHandler
                0x0000000008001080                FMC_IRQHandler
                0x0000000008001080                DMA2_Stream6_IRQHandler
                0x0000000008001080                SAI1_IRQHandler
                0x0000000008001080                DMA1_Stream3_IRQHandler
 *fill*         0x0000000008001082        0x2 
 .text.HAL_Init
                0x0000000008001084       0x44 ./Drivers/STM32F4xx_HAL_Driver/Src/stm32f4xx_hal.o
                0x0000000008001084                HAL_Init
 .text.HAL_InitTick
                0x00000000080010c8       0x60 ./Drivers/STM32F4xx_HAL_Driver/Src/stm32f4xx_hal.o
                0x00000000080010c8                HAL_InitTick
 .text.HAL_IncTick
                0x0000000008001128       0x28 ./Drivers/STM32F4xx_HAL_Driver/Src/stm32f4xx_hal.o
                0x0000000008001128                HAL_IncTick
 .text.HAL_GetTick
                0x0000000008001150       0x18 ./Drivers/STM32F4xx_HAL_Driver/Src/stm32f4xx_hal.o
                0x0000000008001150                HAL_GetTick
 .text.HAL_Delay
                0x0000000008001168       0x48 ./Drivers/STM32F4xx_HAL_Driver/Src/stm32f4xx_hal.o
                0x0000000008001168                HAL_Delay
 .text.__NVIC_SetPriorityGrouping
                0x00000000080011b0       0x48 ./Drivers/STM32F4xx_HAL_Driver/Src/stm32f4xx_hal_cortex.o
 .text.__NVIC_GetPriorityGrouping
                0x00000000080011f8       0x1c ./Drivers/STM32F4xx_HAL_Driver/Src/stm32f4xx_hal_cortex.o
 .text.__NVIC_EnableIRQ
                0x0000000008001214       0x3c ./Drivers/STM32F4xx_HAL_Driver/Src/stm32f4xx_hal_cortex.o
 .text.__NVIC_SetPriority
                0x0000000008001250       0x54 ./Drivers/STM32F4xx_HAL_Driver/Src/stm32f4xx_hal_cortex.o
 .text.NVIC_EncodePriority
                0x00000000080012a4       0x66 ./Drivers/STM32F4xx_HAL_Driver/Src/stm32f4xx_hal_cortex.o
 *fill*         0x000000000800130a        0x2 
 .text.SysTick_Config
                0x000000000800130c       0x44 ./Drivers/STM32F4xx_HAL_Driver/Src/stm32f4xx_hal_cortex.o
 .text.HAL_NVIC_SetPriorityGrouping
                0x0000000008001350       0x16 ./Drivers/STM32F4xx_HAL_Driver/Src/stm32f4xx_hal_cortex.o
                0x0000000008001350                HAL_NVIC_SetPriorityGrouping
 .text.HAL_NVIC_SetPriority
                0x0000000008001366       0x38 ./Drivers/STM32F4xx_HAL_Driver/Src/stm32f4xx_hal_cortex.o
                0x0000000008001366                HAL_NVIC_SetPriority
 .text.HAL_NVIC_EnableIRQ
                0x000000000800139e       0x1c ./Drivers/STM32F4xx_HAL_Driver/Src/stm32f4xx_hal_cortex.o
                0x000000000800139e                HAL_NVIC_EnableIRQ
 .text.HAL_SYSTICK_Config
                0x00000000080013ba       0x18 ./Drivers/STM32F4xx_HAL_Driver/Src/stm32f4xx_hal_cortex.o
                0x00000000080013ba                HAL_SYSTICK_Config
 *fill*         0x00000000080013d2        0x2 
 .text.HAL_GPIO_Init
                0x00000000080013d4      0x328 ./Drivers/STM32F4xx_HAL_Driver/Src/stm32f4xx_hal_gpio.o
                0x00000000080013d4                HAL_GPIO_Init
 .text.HAL_GPIO_ReadPin
                0x00000000080016fc       0x30 ./Drivers/STM32F4xx_HAL_Driver/Src/stm32f4xx_hal_gpio.o
                0x00000000080016fc                HAL_GPIO_ReadPin
 .text.HAL_GPIO_WritePin
                0x000000000800172c       0x32 ./Drivers/STM32F4xx_HAL_Driver/Src/stm32f4xx_hal_gpio.o
                0x000000000800172c                HAL_GPIO_WritePin
 .text.HAL_GPIO_TogglePin
                0x000000000800175e       0x34 ./Drivers/STM32F4xx_HAL_Driver/Src/stm32f4xx_hal_gpio.o
                0x000000000800175e                HAL_GPIO_TogglePin
 *fill*         0x0000000008001792        0x2 
 .text.HAL_I2S_Init
                0x0000000008001794      0x1f0 ./Drivers/STM32F4xx_HAL_Driver/Src/stm32f4xx_hal_i2s.o
                0x0000000008001794                HAL_I2S_Init
 .text.HAL_I2S_TxCpltCallback
                0x0000000008001984       0x14 ./Drivers/STM32F4xx_HAL_Driver/Src/stm32f4xx_hal_i2s.o
                0x0000000008001984                HAL_I2S_TxCpltCallback
 .text.HAL_I2S_RxCpltCallback
                0x0000000008001998       0x14 ./Drivers/STM32F4xx_HAL_Driver/Src/stm32f4xx_hal_i2s.o
                0x0000000008001998                HAL_I2S_RxCpltCallback
 .text.HAL_I2S_ErrorCallback
                0x00000000080019ac       0x14 ./Drivers/STM32F4xx_HAL_Driver/Src/stm32f4xx_hal_i2s.o
                0x00000000080019ac                HAL_I2S_ErrorCallback
 .text.I2S_Transmit_IT
                0x00000000080019c0       0x5c ./Drivers/STM32F4xx_HAL_Driver/Src/stm32f4xx_hal_i2s.o
 .text.I2S_Receive_IT
                0x0000000008001a1c       0x5e ./Drivers/STM32F4xx_HAL_Driver/Src/stm32f4xx_hal_i2s.o
 .text.I2S_IRQHandler
                0x0000000008001a7a      0x114 ./Drivers/STM32F4xx_HAL_Driver/Src/stm32f4xx_hal_i2s.o
 .text.HAL_PCD_Init
                0x0000000008001b8e      0x248 ./Drivers/STM32F4xx_HAL_Driver/Src/stm32f4xx_hal_pcd.o
                0x0000000008001b8e                HAL_PCD_Init
 .text.HAL_PCD_Start
                0x0000000008001dd6       0x66 ./Drivers/STM32F4xx_HAL_Driver/Src/stm32f4xx_hal_pcd.o
                0x0000000008001dd6                HAL_PCD_Start
 .text.HAL_PCD_IRQHandler
                0x0000000008001e3c      0x998 ./Drivers/STM32F4xx_HAL_Driver/Src/stm32f4xx_hal_pcd.o
                0x0000000008001e3c                HAL_PCD_IRQHandler
 .text.HAL_PCD_SetAddress
                0x00000000080027d4       0x4a ./Drivers/STM32F4xx_HAL_Driver/Src/stm32f4xx_hal_pcd.o
                0x00000000080027d4                HAL_PCD_SetAddress
 .text.HAL_PCD_EP_Open
                0x000000000800281e       0xd0 ./Drivers/STM32F4xx_HAL_Driver/Src/stm32f4xx_hal_pcd.o
                0x000000000800281e                HAL_PCD_EP_Open
 .text.HAL_PCD_EP_Close
                0x00000000080028ee       0x94 ./Drivers/STM32F4xx_HAL_Driver/Src/stm32f4xx_hal_pcd.o
                0x00000000080028ee                HAL_PCD_EP_Close
 .text.HAL_PCD_EP_Receive
                0x0000000008002982       0x96 ./Drivers/STM32F4xx_HAL_Driver/Src/stm32f4xx_hal_pcd.o
                0x0000000008002982                HAL_PCD_EP_Receive
 .text.HAL_PCD_EP_GetRxCount
                0x0000000008002a18       0x30 ./Drivers/STM32F4xx_HAL_Driver/Src/stm32f4xx_hal_pcd.o
                0x0000000008002a18                HAL_PCD_EP_GetRxCount
 .text.HAL_PCD_EP_Transmit
                0x0000000008002a48       0x94 ./Drivers/STM32F4xx_HAL_Driver/Src/stm32f4xx_hal_pcd.o
                0x0000000008002a48                HAL_PCD_EP_Transmit
 .text.HAL_PCD_EP_SetStall
                0x0000000008002adc       0xc8 ./Drivers/STM32F4xx_HAL_Driver/Src/stm32f4xx_hal_pcd.o
                0x0000000008002adc                HAL_PCD_EP_SetStall
 .text.HAL_PCD_EP_ClrStall
                0x0000000008002ba4       0xac ./Drivers/STM32F4xx_HAL_Driver/Src/stm32f4xx_hal_pcd.o
                0x0000000008002ba4                HAL_PCD_EP_ClrStall
 .text.HAL_PCD_EP_Abort
                0x0000000008002c50       0x62 ./Drivers/STM32F4xx_HAL_Driver/Src/stm32f4xx_hal_pcd.o
                0x0000000008002c50                HAL_PCD_EP_Abort
 .text.PCD_WriteEmptyTxFifo
                0x0000000008002cb2      0x11a ./Drivers/STM32F4xx_HAL_Driver/Src/stm32f4xx_hal_pcd.o
 .text.PCD_EP_OutXfrComplete_int
                0x0000000008002dcc      0x1d0 ./Drivers/STM32F4xx_HAL_Driver/Src/stm32f4xx_hal_pcd.o
 .text.PCD_EP_OutSetupPacket_int
                0x0000000008002f9c       0x8c ./Drivers/STM32F4xx_HAL_Driver/Src/stm32f4xx_hal_pcd.o
 .text.HAL_PCDEx_SetTxFiFo
                0x0000000008003028       0x8e ./Drivers/STM32F4xx_HAL_Driver/Src/stm32f4xx_hal_pcd_ex.o
                0x0000000008003028                HAL_PCDEx_SetTxFiFo
 .text.HAL_PCDEx_SetRxFiFo
                0x00000000080030b6       0x22 ./Drivers/STM32F4xx_HAL_Driver/Src/stm32f4xx_hal_pcd_ex.o
                0x00000000080030b6                HAL_PCDEx_SetRxFiFo
 .text.HAL_PCDEx_ActivateLPM
                0x00000000080030d8       0x48 ./Drivers/STM32F4xx_HAL_Driver/Src/stm32f4xx_hal_pcd_ex.o
                0x00000000080030d8                HAL_PCDEx_ActivateLPM
 .text.HAL_RCC_ClockConfig
                0x0000000008003120      0x1cc ./Drivers/STM32F4xx_HAL_Driver/Src/stm32f4xx_hal_rcc.o
                0x0000000008003120                HAL_RCC_ClockConfig
 .text.HAL_RCC_GetHCLKFreq
                0x00000000080032ec       0x18 ./Drivers/STM32F4xx_HAL_Driver/Src/stm32f4xx_hal_rcc.o
                0x00000000080032ec                HAL_RCC_GetHCLKFreq
 .text.HAL_RCC_GetPCLK1Freq
                0x0000000008003304       0x28 ./Drivers/STM32F4xx_HAL_Driver/Src/stm32f4xx_hal_rcc.o
                0x0000000008003304                HAL_RCC_GetPCLK1Freq
 .text.HAL_RCC_GetPCLK2Freq
                0x000000000800332c       0x28 ./Drivers/STM32F4xx_HAL_Driver/Src/stm32f4xx_hal_rcc.o
                0x000000000800332c                HAL_RCC_GetPCLK2Freq
 .text.HAL_RCCEx_PeriphCLKConfig
                0x0000000008003354      0x654 ./Drivers/STM32F4xx_HAL_Driver/Src/stm32f4xx_hal_rcc_ex.o
                0x0000000008003354                HAL_RCCEx_PeriphCLKConfig
 .text.HAL_RCCEx_GetPeriphCLKFreq
                0x00000000080039a8      0x490 ./Drivers/STM32F4xx_HAL_Driver/Src/stm32f4xx_hal_rcc_ex.o
                0x00000000080039a8                HAL_RCCEx_GetPeriphCLKFreq
 .text.HAL_RCC_GetSysClockFreq
                0x0000000008003e38      0x460 ./Drivers/STM32F4xx_HAL_Driver/Src/stm32f4xx_hal_rcc_ex.o
                0x0000000008003e38                HAL_RCC_GetSysClockFreq
 .text.HAL_RCC_OscConfig
                0x0000000008004298      0x53c ./Drivers/STM32F4xx_HAL_Driver/Src/stm32f4xx_hal_rcc_ex.o
                0x0000000008004298                HAL_RCC_OscConfig
 .text.HAL_SPI_Init
                0x00000000080047d4      0x112 ./Drivers/STM32F4xx_HAL_Driver/Src/stm32f4xx_hal_spi.o
                0x00000000080047d4                HAL_SPI_Init
 .text.HAL_UART_Init
                0x00000000080048e6       0x9a ./Drivers/STM32F4xx_HAL_Driver/Src/stm32f4xx_hal_uart.o
                0x00000000080048e6                HAL_UART_Init
 .text.UART_SetConfig
                0x0000000008004980      0x4e8 ./Drivers/STM32F4xx_HAL_Driver/Src/stm32f4xx_hal_uart.o
 .text.USB_CoreInit
                0x0000000008004e68       0xc2 ./Drivers/STM32F4xx_HAL_Driver/Src/stm32f4xx_ll_usb.o
                0x0000000008004e68                USB_CoreInit
 *fill*         0x0000000008004f2a        0x2 
 .text.USB_SetTurnaroundTime
                0x0000000008004f2c      0x144 ./Drivers/STM32F4xx_HAL_Driver/Src/stm32f4xx_ll_usb.o
                0x0000000008004f2c                USB_SetTurnaroundTime
 .text.USB_EnableGlobalInt
                0x0000000008005070       0x22 ./Drivers/STM32F4xx_HAL_Driver/Src/stm32f4xx_ll_usb.o
                0x0000000008005070                USB_EnableGlobalInt
 .text.USB_DisableGlobalInt
                0x0000000008005092       0x22 ./Drivers/STM32F4xx_HAL_Driver/Src/stm32f4xx_ll_usb.o
                0x0000000008005092                USB_DisableGlobalInt
 .text.USB_SetCurrentMode
                0x00000000080050b4       0x98 ./Drivers/STM32F4xx_HAL_Driver/Src/stm32f4xx_ll_usb.o
                0x00000000080050b4                USB_SetCurrentMode
 .text.USB_DevInit
                0x000000000800514c      0x2bc ./Drivers/STM32F4xx_HAL_Driver/Src/stm32f4xx_ll_usb.o
                0x000000000800514c                USB_DevInit
 .text.USB_FlushTxFifo
                0x0000000008005408       0x68 ./Drivers/STM32F4xx_HAL_Driver/Src/stm32f4xx_ll_usb.o
                0x0000000008005408                USB_FlushTxFifo
 .text.USB_FlushRxFifo
                0x0000000008005470       0x60 ./Drivers/STM32F4xx_HAL_Driver/Src/stm32f4xx_ll_usb.o
                0x0000000008005470                USB_FlushRxFifo
 .text.USB_SetDevSpeed
                0x00000000080054d0       0x32 ./Drivers/STM32F4xx_HAL_Driver/Src/stm32f4xx_ll_usb.o
                0x00000000080054d0                USB_SetDevSpeed
 .text.USB_GetDevSpeed
                0x0000000008005502       0x4a ./Drivers/STM32F4xx_HAL_Driver/Src/stm32f4xx_ll_usb.o
                0x0000000008005502                USB_GetDevSpeed
 .text.USB_ActivateEndpoint
                0x000000000800554c      0x10e ./Drivers/STM32F4xx_HAL_Driver/Src/stm32f4xx_ll_usb.o
                0x000000000800554c                USB_ActivateEndpoint
 *fill*         0x000000000800565a        0x2 
 .text.USB_DeactivateEndpoint
                0x000000000800565c      0x1b8 ./Drivers/STM32F4xx_HAL_Driver/Src/stm32f4xx_ll_usb.o
                0x000000000800565c                USB_DeactivateEndpoint
 .text.USB_EPStartXfer
                0x0000000008005814      0x490 ./Drivers/STM32F4xx_HAL_Driver/Src/stm32f4xx_ll_usb.o
                0x0000000008005814                USB_EPStartXfer
 .text.USB_EP0StartXfer
                0x0000000008005ca4      0x2b0 ./Drivers/STM32F4xx_HAL_Driver/Src/stm32f4xx_ll_usb.o
                0x0000000008005ca4                USB_EP0StartXfer
 .text.USB_EPStopXfer
                0x0000000008005f54      0x154 ./Drivers/STM32F4xx_HAL_Driver/Src/stm32f4xx_ll_usb.o
                0x0000000008005f54                USB_EPStopXfer
 .text.USB_WritePacket
                0x00000000080060a8       0x7c ./Drivers/STM32F4xx_HAL_Driver/Src/stm32f4xx_ll_usb.o
                0x00000000080060a8                USB_WritePacket
 .text.USB_ReadPacket
                0x0000000008006124       0xb0 ./Drivers/STM32F4xx_HAL_Driver/Src/stm32f4xx_ll_usb.o
                0x0000000008006124                USB_ReadPacket
 .text.USB_EPSetStall
                0x00000000080061d4       0xdc ./Drivers/STM32F4xx_HAL_Driver/Src/stm32f4xx_ll_usb.o
                0x00000000080061d4                USB_EPSetStall
 .text.USB_EPClearStall
                0x00000000080062b0       0xcc ./Drivers/STM32F4xx_HAL_Driver/Src/stm32f4xx_ll_usb.o
                0x00000000080062b0                USB_EPClearStall
 .text.USB_SetDevAddress
                0x000000000800637c       0x4c ./Drivers/STM32F4xx_HAL_Driver/Src/stm32f4xx_ll_usb.o
                0x000000000800637c                USB_SetDevAddress
 .text.USB_DevConnect
                0x00000000080063c8       0x42 ./Drivers/STM32F4xx_HAL_Driver/Src/stm32f4xx_ll_usb.o
                0x00000000080063c8                USB_DevConnect
 .text.USB_DevDisconnect
                0x000000000800640a       0x42 ./Drivers/STM32F4xx_HAL_Driver/Src/stm32f4xx_ll_usb.o
                0x000000000800640a                USB_DevDisconnect
 .text.USB_ReadInterrupts
                0x000000000800644c       0x26 ./Drivers/STM32F4xx_HAL_Driver/Src/stm32f4xx_ll_usb.o
                0x000000000800644c                USB_ReadInterrupts
 .text.USB_ReadDevAllOutEpInterrupt
                0x0000000008006472       0x34 ./Drivers/STM32F4xx_HAL_Driver/Src/stm32f4xx_ll_usb.o
                0x0000000008006472                USB_ReadDevAllOutEpInterrupt
 .text.USB_ReadDevAllInEpInterrupt
                0x00000000080064a6       0x34 ./Drivers/STM32F4xx_HAL_Driver/Src/stm32f4xx_ll_usb.o
                0x00000000080064a6                USB_ReadDevAllInEpInterrupt
 .text.USB_ReadDevOutEPInterrupt
                0x00000000080064da       0x3c ./Drivers/STM32F4xx_HAL_Driver/Src/stm32f4xx_ll_usb.o
                0x00000000080064da                USB_ReadDevOutEPInterrupt
 .text.USB_ReadDevInEPInterrupt
                0x0000000008006516       0x5c ./Drivers/STM32F4xx_HAL_Driver/Src/stm32f4xx_ll_usb.o
                0x0000000008006516                USB_ReadDevInEPInterrupt
 .text.USB_GetMode
                0x0000000008006572       0x1c ./Drivers/STM32F4xx_HAL_Driver/Src/stm32f4xx_ll_usb.o
                0x0000000008006572                USB_GetMode
 .text.USB_ActivateSetup
                0x000000000800658e       0x46 ./Drivers/STM32F4xx_HAL_Driver/Src/stm32f4xx_ll_usb.o
                0x000000000800658e                USB_ActivateSetup
 .text.USB_EP0_OutStart
                0x00000000080065d4       0xbc ./Drivers/STM32F4xx_HAL_Driver/Src/stm32f4xx_ll_usb.o
                0x00000000080065d4                USB_EP0_OutStart
 .text.USB_CoreReset
                0x0000000008006690       0x68 ./Drivers/STM32F4xx_HAL_Driver/Src/stm32f4xx_ll_usb.o
 .text.USBD_CDC_Init
                0x00000000080066f8      0x1f0 ./Middlewares/ST/STM32_USB_Device_Library/Class/CDC/Src/usbd_cdc.o
 .text.USBD_CDC_DeInit
                0x00000000080068e8      0x104 ./Middlewares/ST/STM32_USB_Device_Library/Class/CDC/Src/usbd_cdc.o
 .text.USBD_CDC_Setup
                0x00000000080069ec      0x1b8 ./Middlewares/ST/STM32_USB_Device_Library/Class/CDC/Src/usbd_cdc.o
 .text.USBD_CDC_DataIn
                0x0000000008006ba4       0xfe ./Middlewares/ST/STM32_USB_Device_Library/Class/CDC/Src/usbd_cdc.o
 .text.USBD_CDC_DataOut
                0x0000000008006ca2       0x70 ./Middlewares/ST/STM32_USB_Device_Library/Class/CDC/Src/usbd_cdc.o
 .text.USBD_CDC_EP0_RxReady
                0x0000000008006d12       0x76 ./Middlewares/ST/STM32_USB_Device_Library/Class/CDC/Src/usbd_cdc.o
 .text.USBD_CDC_GetFSCfgDesc
                0x0000000008006d88       0x70 ./Middlewares/ST/STM32_USB_Device_Library/Class/CDC/Src/usbd_cdc.o
 .text.USBD_CDC_GetHSCfgDesc
                0x0000000008006df8       0x70 ./Middlewares/ST/STM32_USB_Device_Library/Class/CDC/Src/usbd_cdc.o
 .text.USBD_CDC_GetOtherSpeedCfgDesc
                0x0000000008006e68       0x70 ./Middlewares/ST/STM32_USB_Device_Library/Class/CDC/Src/usbd_cdc.o
 .text.USBD_CDC_GetDeviceQualifierDescriptor
                0x0000000008006ed8       0x20 ./Middlewares/ST/STM32_USB_Device_Library/Class/CDC/Src/usbd_cdc.o
                0x0000000008006ed8                USBD_CDC_GetDeviceQualifierDescriptor
 .text.USBD_CDC_RegisterInterface
                0x0000000008006ef8       0x34 ./Middlewares/ST/STM32_USB_Device_Library/Class/CDC/Src/usbd_cdc.o
                0x0000000008006ef8                USBD_CDC_RegisterInterface
 .text.USBD_CDC_SetTxBuffer
                0x0000000008006f2c       0x44 ./Middlewares/ST/STM32_USB_Device_Library/Class/CDC/Src/usbd_cdc.o
                0x0000000008006f2c                USBD_CDC_SetTxBuffer
 .text.USBD_CDC_SetRxBuffer
                0x0000000008006f70       0x3a ./Middlewares/ST/STM32_USB_Device_Library/Class/CDC/Src/usbd_cdc.o
                0x0000000008006f70                USBD_CDC_SetRxBuffer
 *fill*         0x0000000008006faa        0x2 
 .text.USBD_CDC_ReceivePacket
                0x0000000008006fac       0x6c ./Middlewares/ST/STM32_USB_Device_Library/Class/CDC/Src/usbd_cdc.o
                0x0000000008006fac                USBD_CDC_ReceivePacket
 .text.USBD_Init
                0x0000000008007018       0x60 ./Middlewares/ST/STM32_USB_Device_Library/Core/Src/usbd_core.o
                0x0000000008007018                USBD_Init
 .text.USBD_RegisterClass
                0x0000000008007078       0x6c ./Middlewares/ST/STM32_USB_Device_Library/Core/Src/usbd_core.o
                0x0000000008007078                USBD_RegisterClass
 .text.USBD_Start
                0x00000000080070e4       0x18 ./Middlewares/ST/STM32_USB_Device_Library/Core/Src/usbd_core.o
                0x00000000080070e4                USBD_Start
 .text.USBD_RunTestMode
                0x00000000080070fc       0x16 ./Middlewares/ST/STM32_USB_Device_Library/Core/Src/usbd_core.o
                0x00000000080070fc                USBD_RunTestMode
 .text.USBD_SetClassConfig
                0x0000000008007112       0x38 ./Middlewares/ST/STM32_USB_Device_Library/Core/Src/usbd_core.o
                0x0000000008007112                USBD_SetClassConfig
 .text.USBD_ClrClassConfig
                0x000000000800714a       0x34 ./Middlewares/ST/STM32_USB_Device_Library/Core/Src/usbd_core.o
                0x000000000800714a                USBD_ClrClassConfig
 .text.USBD_LL_SetupStage
                0x000000000800717e       0xaa ./Middlewares/ST/STM32_USB_Device_Library/Core/Src/usbd_core.o
                0x000000000800717e                USBD_LL_SetupStage
 .text.USBD_LL_DataOutStage
                0x0000000008007228      0x166 ./Middlewares/ST/STM32_USB_Device_Library/Core/Src/usbd_core.o
                0x0000000008007228                USBD_LL_DataOutStage
 .text.USBD_LL_DataInStage
                0x000000000800738e      0x164 ./Middlewares/ST/STM32_USB_Device_Library/Core/Src/usbd_core.o
                0x000000000800738e                USBD_LL_DataInStage
 .text.USBD_LL_Reset
                0x00000000080074f2       0xa4 ./Middlewares/ST/STM32_USB_Device_Library/Core/Src/usbd_core.o
                0x00000000080074f2                USBD_LL_Reset
 .text.USBD_LL_SetSpeed
                0x0000000008007596       0x20 ./Middlewares/ST/STM32_USB_Device_Library/Core/Src/usbd_core.o
                0x0000000008007596                USBD_LL_SetSpeed
 .text.USBD_LL_Suspend
                0x00000000080075b6       0x2c ./Middlewares/ST/STM32_USB_Device_Library/Core/Src/usbd_core.o
                0x00000000080075b6                USBD_LL_Suspend
 .text.USBD_LL_Resume
                0x00000000080075e2       0x30 ./Middlewares/ST/STM32_USB_Device_Library/Core/Src/usbd_core.o
                0x00000000080075e2                USBD_LL_Resume
 .text.USBD_LL_SOF
                0x0000000008007612       0x40 ./Middlewares/ST/STM32_USB_Device_Library/Core/Src/usbd_core.o
                0x0000000008007612                USBD_LL_SOF
 .text.USBD_LL_IsoINIncomplete
                0x0000000008007652       0x64 ./Middlewares/ST/STM32_USB_Device_Library/Core/Src/usbd_core.o
                0x0000000008007652                USBD_LL_IsoINIncomplete
 .text.USBD_LL_IsoOUTIncomplete
                0x00000000080076b6       0x64 ./Middlewares/ST/STM32_USB_Device_Library/Core/Src/usbd_core.o
                0x00000000080076b6                USBD_LL_IsoOUTIncomplete
 .text.USBD_LL_DevConnected
                0x000000000800771a       0x16 ./Middlewares/ST/STM32_USB_Device_Library/Core/Src/usbd_core.o
                0x000000000800771a                USBD_LL_DevConnected
 .text.USBD_LL_DevDisconnected
                0x0000000008007730       0x46 ./Middlewares/ST/STM32_USB_Device_Library/Core/Src/usbd_core.o
                0x0000000008007730                USBD_LL_DevDisconnected
 .text.USBD_CoreFindIF
                0x0000000008007776       0x1a ./Middlewares/ST/STM32_USB_Device_Library/Core/Src/usbd_core.o
                0x0000000008007776                USBD_CoreFindIF
 .text.USBD_CoreFindEP
                0x0000000008007790       0x1a ./Middlewares/ST/STM32_USB_Device_Library/Core/Src/usbd_core.o
                0x0000000008007790                USBD_CoreFindEP
 .text.USBD_GetEpDesc
                0x00000000080077aa       0x74 ./Middlewares/ST/STM32_USB_Device_Library/Core/Src/usbd_core.o
                0x00000000080077aa                USBD_GetEpDesc
 .text.USBD_GetNextDesc
                0x000000000800781e       0x3a ./Middlewares/ST/STM32_USB_Device_Library/Core/Src/usbd_core.o
                0x000000000800781e                USBD_GetNextDesc
 .text.SWAPBYTE
                0x0000000008007858       0x3c ./Middlewares/ST/STM32_USB_Device_Library/Core/Src/usbd_ctlreq.o
 .text.USBD_StdDevReq
                0x0000000008007894       0xe4 ./Middlewares/ST/STM32_USB_Device_Library/Core/Src/usbd_ctlreq.o
                0x0000000008007894                USBD_StdDevReq
 .text.USBD_StdItfReq
                0x0000000008007978       0xd8 ./Middlewares/ST/STM32_USB_Device_Library/Core/Src/usbd_ctlreq.o
                0x0000000008007978                USBD_StdItfReq
 .text.USBD_StdEPReq
                0x0000000008007a50      0x33a ./Middlewares/ST/STM32_USB_Device_Library/Core/Src/usbd_ctlreq.o
                0x0000000008007a50                USBD_StdEPReq
 *fill*         0x0000000008007d8a        0x2 
 .text.USBD_GetDescriptor
                0x0000000008007d8c      0x328 ./Middlewares/ST/STM32_USB_Device_Library/Core/Src/usbd_ctlreq.o
 .text.USBD_SetAddress
                0x00000000080080b4       0x88 ./Middlewares/ST/STM32_USB_Device_Library/Core/Src/usbd_ctlreq.o
 .text.USBD_SetConfig
                0x000000000800813c      0x154 ./Middlewares/ST/STM32_USB_Device_Library/Core/Src/usbd_ctlreq.o
 .text.USBD_GetConfig
                0x0000000008008290       0x6c ./Middlewares/ST/STM32_USB_Device_Library/Core/Src/usbd_ctlreq.o
 .text.USBD_GetStatus
                0x00000000080082fc       0x68 ./Middlewares/ST/STM32_USB_Device_Library/Core/Src/usbd_ctlreq.o
 .text.USBD_SetFeature
                0x0000000008008364       0x52 ./Middlewares/ST/STM32_USB_Device_Library/Core/Src/usbd_ctlreq.o
 .text.USBD_ClrFeature
                0x00000000080083b6       0x44 ./Middlewares/ST/STM32_USB_Device_Library/Core/Src/usbd_ctlreq.o
 .text.USBD_ParseSetupRequest
                0x00000000080083fa       0x74 ./Middlewares/ST/STM32_USB_Device_Library/Core/Src/usbd_ctlreq.o
                0x00000000080083fa                USBD_ParseSetupRequest
 .text.USBD_CtlError
                0x000000000800846e       0x22 ./Middlewares/ST/STM32_USB_Device_Library/Core/Src/usbd_ctlreq.o
                0x000000000800846e                USBD_CtlError
 .text.USBD_GetString
                0x0000000008008490       0x8c ./Middlewares/ST/STM32_USB_Device_Library/Core/Src/usbd_ctlreq.o
                0x0000000008008490                USBD_GetString
 .text.USBD_GetLen
                0x000000000800851c       0x34 ./Middlewares/ST/STM32_USB_Device_Library/Core/Src/usbd_ctlreq.o
 .text.USBD_CtlSendData
                0x0000000008008550       0x36 ./Middlewares/ST/STM32_USB_Device_Library/Core/Src/usbd_ioreq.o
                0x0000000008008550                USBD_CtlSendData
 .text.USBD_CtlContinueSendData
                0x0000000008008586       0x22 ./Middlewares/ST/STM32_USB_Device_Library/Core/Src/usbd_ioreq.o
                0x0000000008008586                USBD_CtlContinueSendData
 .text.USBD_CtlPrepareRx
                0x00000000080085a8       0x3a ./Middlewares/ST/STM32_USB_Device_Library/Core/Src/usbd_ioreq.o
                0x00000000080085a8                USBD_CtlPrepareRx
 .text.USBD_CtlContinueRx
                0x00000000080085e2       0x22 ./Middlewares/ST/STM32_USB_Device_Library/Core/Src/usbd_ioreq.o
                0x00000000080085e2                USBD_CtlContinueRx
 .text.USBD_CtlSendStatus
                0x0000000008008604       0x26 ./Middlewares/ST/STM32_USB_Device_Library/Core/Src/usbd_ioreq.o
                0x0000000008008604                USBD_CtlSendStatus
 .text.USBD_CtlReceiveStatus
                0x000000000800862a       0x26 ./Middlewares/ST/STM32_USB_Device_Library/Core/Src/usbd_ioreq.o
                0x000000000800862a                USBD_CtlReceiveStatus
 .text.MX_USB_DEVICE_Init
                0x0000000008008650       0x60 ./USB_DEVICE/App/usb_device.o
                0x0000000008008650                MX_USB_DEVICE_Init
 .text.CDC_Init_FS
                0x00000000080086b0       0x28 ./USB_DEVICE/App/usbd_cdc_if.o
 .text.CDC_DeInit_FS
                0x00000000080086d8       0x10 ./USB_DEVICE/App/usbd_cdc_if.o
 .text.CDC_Control_FS
                0x00000000080086e8       0xbc ./USB_DEVICE/App/usbd_cdc_if.o
 .text.CDC_Receive_FS
                0x00000000080087a4       0x28 ./USB_DEVICE/App/usbd_cdc_if.o
 .text.CDC_TransmitCplt_FS
                0x00000000080087cc       0x22 ./USB_DEVICE/App/usbd_cdc_if.o
 *fill*         0x00000000080087ee        0x2 
 .text.USBD_FS_DeviceDescriptor
                0x00000000080087f0       0x24 ./USB_DEVICE/App/usbd_desc.o
                0x00000000080087f0                USBD_FS_DeviceDescriptor
 .text.USBD_FS_LangIDStrDescriptor
                0x0000000008008814       0x24 ./USB_DEVICE/App/usbd_desc.o
                0x0000000008008814                USBD_FS_LangIDStrDescriptor
 .text.USBD_FS_ProductStrDescriptor
                0x0000000008008838       0x3c ./USB_DEVICE/App/usbd_desc.o
                0x0000000008008838                USBD_FS_ProductStrDescriptor
 .text.USBD_FS_ManufacturerStrDescriptor
                0x0000000008008874       0x28 ./USB_DEVICE/App/usbd_desc.o
                0x0000000008008874                USBD_FS_ManufacturerStrDescriptor
 .text.USBD_FS_SerialStrDescriptor
                0x000000000800889c       0x24 ./USB_DEVICE/App/usbd_desc.o
                0x000000000800889c                USBD_FS_SerialStrDescriptor
 .text.USBD_FS_ConfigStrDescriptor
                0x00000000080088c0       0x3c ./USB_DEVICE/App/usbd_desc.o
                0x00000000080088c0                USBD_FS_ConfigStrDescriptor
 .text.USBD_FS_InterfaceStrDescriptor
                0x00000000080088fc       0x3c ./USB_DEVICE/App/usbd_desc.o
                0x00000000080088fc                USBD_FS_InterfaceStrDescriptor
 .text.USBD_FS_USR_BOSDescriptor
                0x0000000008008938       0x24 ./USB_DEVICE/App/usbd_desc.o
                0x0000000008008938                USBD_FS_USR_BOSDescriptor
 .text.Get_SerialNum
                0x000000000800895c       0x58 ./USB_DEVICE/App/usbd_desc.o
 .text.IntToUnicode
                0x00000000080089b4       0x7e ./USB_DEVICE/App/usbd_desc.o
 *fill*         0x0000000008008a32        0x2 
 .text.HAL_PCD_MspInit
                0x0000000008008a34       0xf0 ./USB_DEVICE/Target/usbd_conf.o
                0x0000000008008a34                HAL_PCD_MspInit
 .text.HAL_PCD_SetupStageCallback
                0x0000000008008b24       0x24 ./USB_DEVICE/Target/usbd_conf.o
                0x0000000008008b24                HAL_PCD_SetupStageCallback
 .text.HAL_PCD_DataOutStageCallback
                0x0000000008008b48       0x36 ./USB_DEVICE/Target/usbd_conf.o
                0x0000000008008b48                HAL_PCD_DataOutStageCallback
 .text.HAL_PCD_DataInStageCallback
                0x0000000008008b7e       0x34 ./USB_DEVICE/Target/usbd_conf.o
                0x0000000008008b7e                HAL_PCD_DataInStageCallback
 .text.HAL_PCD_SOFCallback
                0x0000000008008bb2       0x1c ./USB_DEVICE/Target/usbd_conf.o
                0x0000000008008bb2                HAL_PCD_SOFCallback
 .text.HAL_PCD_ResetCallback
                0x0000000008008bce       0x50 ./USB_DEVICE/Target/usbd_conf.o
                0x0000000008008bce                HAL_PCD_ResetCallback
 *fill*         0x0000000008008c1e        0x2 
 .text.HAL_PCD_SuspendCallback
                0x0000000008008c20       0x4c ./USB_DEVICE/Target/usbd_conf.o
                0x0000000008008c20                HAL_PCD_SuspendCallback
 .text.HAL_PCD_ResumeCallback
                0x0000000008008c6c       0x1c ./USB_DEVICE/Target/usbd_conf.o
                0x0000000008008c6c                HAL_PCD_ResumeCallback
 .text.HAL_PCD_ISOOUTIncompleteCallback
                0x0000000008008c88       0x24 ./USB_DEVICE/Target/usbd_conf.o
                0x0000000008008c88                HAL_PCD_ISOOUTIncompleteCallback
 .text.HAL_PCD_ISOINIncompleteCallback
                0x0000000008008cac       0x24 ./USB_DEVICE/Target/usbd_conf.o
                0x0000000008008cac                HAL_PCD_ISOINIncompleteCallback
 .text.HAL_PCD_ConnectCallback
                0x0000000008008cd0       0x1c ./USB_DEVICE/Target/usbd_conf.o
                0x0000000008008cd0                HAL_PCD_ConnectCallback
 .text.HAL_PCD_DisconnectCallback
                0x0000000008008cec       0x1c ./USB_DEVICE/Target/usbd_conf.o
                0x0000000008008cec                HAL_PCD_DisconnectCallback
 .text.USBD_LL_Init
                0x0000000008008d08       0x98 ./USB_DEVICE/Target/usbd_conf.o
                0x0000000008008d08                USBD_LL_Init
 .text.USBD_LL_Start
                0x0000000008008da0       0x36 ./USB_DEVICE/Target/usbd_conf.o
                0x0000000008008da0                USBD_LL_Start
 .text.USBD_LL_OpenEP
                0x0000000008008dd6       0x4c ./USB_DEVICE/Target/usbd_conf.o
                0x0000000008008dd6                USBD_LL_OpenEP
 .text.USBD_LL_CloseEP
                0x0000000008008e22       0x3e ./USB_DEVICE/Target/usbd_conf.o
                0x0000000008008e22                USBD_LL_CloseEP
 .text.USBD_LL_StallEP
                0x0000000008008e60       0x3e ./USB_DEVICE/Target/usbd_conf.o
                0x0000000008008e60                USBD_LL_StallEP
 .text.USBD_LL_ClearStallEP
                0x0000000008008e9e       0x3e ./USB_DEVICE/Target/usbd_conf.o
                0x0000000008008e9e                USBD_LL_ClearStallEP
 .text.USBD_LL_IsStallEP
                0x0000000008008edc       0x58 ./USB_DEVICE/Target/usbd_conf.o
                0x0000000008008edc                USBD_LL_IsStallEP
 .text.USBD_LL_SetUSBAddress
                0x0000000008008f34       0x3e ./USB_DEVICE/Target/usbd_conf.o
                0x0000000008008f34                USBD_LL_SetUSBAddress
 .text.USBD_LL_Transmit
                0x0000000008008f72       0x42 ./USB_DEVICE/Target/usbd_conf.o
                0x0000000008008f72                USBD_LL_Transmit
 .text.USBD_LL_PrepareReceive
                0x0000000008008fb4       0x42 ./USB_DEVICE/Target/usbd_conf.o
                0x0000000008008fb4                USBD_LL_PrepareReceive
 .text.USBD_LL_GetRxDataSize
                0x0000000008008ff6       0x26 ./USB_DEVICE/Target/usbd_conf.o
                0x0000000008008ff6                USBD_LL_GetRxDataSize
 .text.HAL_PCDEx_LPM_Callback
                0x000000000800901c       0x9c ./USB_DEVICE/Target/usbd_conf.o
                0x000000000800901c                HAL_PCDEx_LPM_Callback
 .text.USBD_static_malloc
                0x00000000080090b8       0x1c ./USB_DEVICE/Target/usbd_conf.o
                0x00000000080090b8                USBD_static_malloc
 .text.USBD_static_free
                0x00000000080090d4       0x14 ./USB_DEVICE/Target/usbd_conf.o
                0x00000000080090d4                USBD_static_free
 .text.USBD_Get_USB_Status
                0x00000000080090e8       0x58 ./USB_DEVICE/Target/usbd_conf.o
                0x00000000080090e8                USBD_Get_USB_Status
 .text.__libc_init_array
                0x0000000008009140       0x48 c:/st/stm32cubeide_1.12.0/stm32cubeide/plugins/com.st.stm32cube.ide.mcu.externaltools.gnu-tools-for-stm32.10.3-2021.10.win32_1.0.200.202301161003/tools/bin/../lib/gcc/arm-none-eabi/10.3.1/../../../../arm-none-eabi/lib/thumb/v7e-m+fp/hard\libc_nano.a(lib_a-init.o)
                0x0000000008009140                __libc_init_array
 .text.memset   0x0000000008009188       0x10 c:/st/stm32cubeide_1.12.0/stm32cubeide/plugins/com.st.stm32cube.ide.mcu.externaltools.gnu-tools-for-stm32.10.3-2021.10.win32_1.0.200.202301161003/tools/bin/../lib/gcc/arm-none-eabi/10.3.1/../../../../arm-none-eabi/lib/thumb/v7e-m+fp/hard\libc_nano.a(lib_a-memset.o)
                0x0000000008009188                memset
 *(.glue_7)
 .glue_7        0x0000000008009198        0x0 linker stubs
 *(.glue_7t)
 .glue_7t       0x0000000008009198        0x0 linker stubs
 *(.eh_frame)
 .eh_frame      0x0000000008009198        0x0 c:/st/stm32cubeide_1.12.0/stm32cubeide/plugins/com.st.stm32cube.ide.mcu.externaltools.gnu-tools-for-stm32.10.3-2021.10.win32_1.0.200.202301161003/tools/bin/../lib/gcc/arm-none-eabi/10.3.1/thumb/v7e-m+fp/hard/crtbegin.o
 *(.init)
 .init          0x0000000008009198        0x4 c:/st/stm32cubeide_1.12.0/stm32cubeide/plugins/com.st.stm32cube.ide.mcu.externaltools.gnu-tools-for-stm32.10.3-2021.10.win32_1.0.200.202301161003/tools/bin/../lib/gcc/arm-none-eabi/10.3.1/thumb/v7e-m+fp/hard/crti.o
                0x0000000008009198                _init
 .init          0x000000000800919c        0x8 c:/st/stm32cubeide_1.12.0/stm32cubeide/plugins/com.st.stm32cube.ide.mcu.externaltools.gnu-tools-for-stm32.10.3-2021.10.win32_1.0.200.202301161003/tools/bin/../lib/gcc/arm-none-eabi/10.3.1/thumb/v7e-m+fp/hard/crtn.o
 *(.fini)
 .fini          0x00000000080091a4        0x4 c:/st/stm32cubeide_1.12.0/stm32cubeide/plugins/com.st.stm32cube.ide.mcu.externaltools.gnu-tools-for-stm32.10.3-2021.10.win32_1.0.200.202301161003/tools/bin/../lib/gcc/arm-none-eabi/10.3.1/thumb/v7e-m+fp/hard/crti.o
                0x00000000080091a4                _fini
 .fini          0x00000000080091a8        0x8 c:/st/stm32cubeide_1.12.0/stm32cubeide/plugins/com.st.stm32cube.ide.mcu.externaltools.gnu-tools-for-stm32.10.3-2021.10.win32_1.0.200.202301161003/tools/bin/../lib/gcc/arm-none-eabi/10.3.1/thumb/v7e-m+fp/hard/crtn.o
                0x00000000080091b0                . = ALIGN (0x4)
                0x00000000080091b0                _etext = .

.vfp11_veneer   0x00000000080091b0        0x0
 .vfp11_veneer  0x00000000080091b0        0x0 linker stubs

.v4_bx          0x00000000080091b0        0x0
 .v4_bx         0x00000000080091b0        0x0 linker stubs

.iplt           0x00000000080091b0        0x0
 .iplt          0x00000000080091b0        0x0 c:/st/stm32cubeide_1.12.0/stm32cubeide/plugins/com.st.stm32cube.ide.mcu.externaltools.gnu-tools-for-stm32.10.3-2021.10.win32_1.0.200.202301161003/tools/bin/../lib/gcc/arm-none-eabi/10.3.1/thumb/v7e-m+fp/hard/crtbegin.o

.rodata         0x00000000080091b0       0x58
                0x00000000080091b0                . = ALIGN (0x4)
 *(.rodata)
 .rodata        0x00000000080091b0       0x3e ./USB_DEVICE/App/usbd_desc.o
 *(.rodata*)
 *fill*         0x00000000080091ee        0x2 
 .rodata.AHBPrescTable
                0x00000000080091f0       0x10 ./Core/Src/system_stm32f4xx.o
                0x00000000080091f0                AHBPrescTable
 .rodata.APBPrescTable
                0x0000000008009200        0x8 ./Core/Src/system_stm32f4xx.o
                0x0000000008009200                APBPrescTable
                0x0000000008009208                . = ALIGN (0x4)

.ARM.extab      0x0000000008009208        0x0
                0x0000000008009208                . = ALIGN (0x4)
 *(.ARM.extab* .gnu.linkonce.armextab.*)
                0x0000000008009208                . = ALIGN (0x4)

.ARM            0x0000000008009208        0x8
                0x0000000008009208                . = ALIGN (0x4)
                0x0000000008009208                __exidx_start = .
 *(.ARM.exidx*)
 .ARM.exidx     0x0000000008009208        0x8 c:/st/stm32cubeide_1.12.0/stm32cubeide/plugins/com.st.stm32cube.ide.mcu.externaltools.gnu-tools-for-stm32.10.3-2021.10.win32_1.0.200.202301161003/tools/bin/../lib/gcc/arm-none-eabi/10.3.1/thumb/v7e-m+fp/hard\libgcc.a(_udivmoddi4.o)
                0x0000000008009210                __exidx_end = .
                0x0000000008009210                . = ALIGN (0x4)

.rel.dyn        0x0000000008009210        0x0
 .rel.iplt      0x0000000008009210        0x0 c:/st/stm32cubeide_1.12.0/stm32cubeide/plugins/com.st.stm32cube.ide.mcu.externaltools.gnu-tools-for-stm32.10.3-2021.10.win32_1.0.200.202301161003/tools/bin/../lib/gcc/arm-none-eabi/10.3.1/thumb/v7e-m+fp/hard/crtbegin.o

.preinit_array  0x0000000008009210        0x0
                0x0000000008009210                . = ALIGN (0x4)
                0x0000000008009210                PROVIDE (__preinit_array_start = .)
 *(.preinit_array*)
                0x0000000008009210                PROVIDE (__preinit_array_end = .)
                0x0000000008009210                . = ALIGN (0x4)

.init_array     0x0000000008009210        0x4
                0x0000000008009210                . = ALIGN (0x4)
                0x0000000008009210                PROVIDE (__init_array_start = .)
 *(SORT_BY_NAME(.init_array.*))
 *(.init_array*)
 .init_array    0x0000000008009210        0x4 c:/st/stm32cubeide_1.12.0/stm32cubeide/plugins/com.st.stm32cube.ide.mcu.externaltools.gnu-tools-for-stm32.10.3-2021.10.win32_1.0.200.202301161003/tools/bin/../lib/gcc/arm-none-eabi/10.3.1/thumb/v7e-m+fp/hard/crtbegin.o
                0x0000000008009214                PROVIDE (__init_array_end = .)
                0x0000000008009214                . = ALIGN (0x4)

.fini_array     0x0000000008009214        0x4
                0x0000000008009214                . = ALIGN (0x4)
                [!provide]                        PROVIDE (__fini_array_start = .)
 *(SORT_BY_NAME(.fini_array.*))
 *(.fini_array*)
 .fini_array    0x0000000008009214        0x4 c:/st/stm32cubeide_1.12.0/stm32cubeide/plugins/com.st.stm32cube.ide.mcu.externaltools.gnu-tools-for-stm32.10.3-2021.10.win32_1.0.200.202301161003/tools/bin/../lib/gcc/arm-none-eabi/10.3.1/thumb/v7e-m+fp/hard/crtbegin.o
                [!provide]                        PROVIDE (__fini_array_end = .)
                0x0000000008009218                . = ALIGN (0x4)
                0x0000000008009218                _sidata = LOADADDR (.data)

.data           0x0000000020000000      0x10c load address 0x0000000008009218
                0x0000000020000000                . = ALIGN (0x4)
                0x0000000020000000                _sdata = .
 *(.data)
 *(.data*)
 .data.SystemCoreClock
                0x0000000020000000        0x4 ./Core/Src/system_stm32f4xx.o
                0x0000000020000000                SystemCoreClock
 .data.uwTickPrio
                0x0000000020000004        0x4 ./Drivers/STM32F4xx_HAL_Driver/Src/stm32f4xx_hal.o
                0x0000000020000004                uwTickPrio
 .data.uwTickFreq
                0x0000000020000008        0x1 ./Drivers/STM32F4xx_HAL_Driver/Src/stm32f4xx_hal.o
                0x0000000020000008                uwTickFreq
 *fill*         0x0000000020000009        0x3 
 .data.USBD_CDC_DeviceQualifierDesc
                0x000000002000000c        0xa ./Middlewares/ST/STM32_USB_Device_Library/Class/CDC/Src/usbd_cdc.o
 *fill*         0x0000000020000016        0x2 
 .data.USBD_CDC
                0x0000000020000018       0x38 ./Middlewares/ST/STM32_USB_Device_Library/Class/CDC/Src/usbd_cdc.o
                0x0000000020000018                USBD_CDC
 .data.USBD_CDC_CfgDesc
                0x0000000020000050       0x43 ./Middlewares/ST/STM32_USB_Device_Library/Class/CDC/Src/usbd_cdc.o
 .data.CDCInEpAdd
                0x0000000020000093        0x1 ./Middlewares/ST/STM32_USB_Device_Library/Class/CDC/Src/usbd_cdc.o
 .data.CDCOutEpAdd
                0x0000000020000094        0x1 ./Middlewares/ST/STM32_USB_Device_Library/Class/CDC/Src/usbd_cdc.o
 .data.CDCCmdEpAdd
                0x0000000020000095        0x1 ./Middlewares/ST/STM32_USB_Device_Library/Class/CDC/Src/usbd_cdc.o
 *fill*         0x0000000020000096        0x2 
 .data.USBD_Interface_fops_FS
                0x0000000020000098       0x14 ./USB_DEVICE/App/usbd_cdc_if.o
                0x0000000020000098                USBD_Interface_fops_FS
 .data.FS_Desc  0x00000000200000ac       0x20 ./USB_DEVICE/App/usbd_desc.o
                0x00000000200000ac                FS_Desc
 .data.USBD_FS_DeviceDesc
                0x00000000200000cc       0x12 ./USB_DEVICE/App/usbd_desc.o
                0x00000000200000cc                USBD_FS_DeviceDesc
 *fill*         0x00000000200000de        0x2 
 .data.USBD_FS_BOSDesc
                0x00000000200000e0        0xc ./USB_DEVICE/App/usbd_desc.o
                0x00000000200000e0                USBD_FS_BOSDesc
 .data.USBD_LangIDDesc
                0x00000000200000ec        0x4 ./USB_DEVICE/App/usbd_desc.o
                0x00000000200000ec                USBD_LangIDDesc
 .data.USBD_StringSerial
                0x00000000200000f0       0x1a ./USB_DEVICE/App/usbd_desc.o
                0x00000000200000f0                USBD_StringSerial
 *(.RamFunc)
 *(.RamFunc*)
                0x000000002000010c                . = ALIGN (0x4)
 *fill*         0x000000002000010a        0x2 
                0x000000002000010c                _edata = .

.igot.plt       0x000000002000010c        0x0 load address 0x0000000008009324
 .igot.plt      0x000000002000010c        0x0 c:/st/stm32cubeide_1.12.0/stm32cubeide/plugins/com.st.stm32cube.ide.mcu.externaltools.gnu-tools-for-stm32.10.3-2021.10.win32_1.0.200.202301161003/tools/bin/../lib/gcc/arm-none-eabi/10.3.1/thumb/v7e-m+fp/hard/crtbegin.o
                0x000000002000010c                . = ALIGN (0x4)

.bss            0x000000002000010c     0x1de8 load address 0x0000000008009324
                0x000000002000010c                _sbss = .
                0x000000002000010c                __bss_start__ = _sbss
 *(.bss)
 .bss           0x000000002000010c       0x1c c:/st/stm32cubeide_1.12.0/stm32cubeide/plugins/com.st.stm32cube.ide.mcu.externaltools.gnu-tools-for-stm32.10.3-2021.10.win32_1.0.200.202301161003/tools/bin/../lib/gcc/arm-none-eabi/10.3.1/thumb/v7e-m+fp/hard/crtbegin.o
 *(.bss*)
 .bss.hi2s1     0x0000000020000128       0x48 ./Core/Src/main.o
                0x0000000020000128                hi2s1
 .bss.hi2s2     0x0000000020000170       0x48 ./Core/Src/main.o
                0x0000000020000170                hi2s2
 .bss.hi2s3     0x00000000200001b8       0x48 ./Core/Src/main.o
                0x00000000200001b8                hi2s3
 .bss.hspi4     0x0000000020000200       0x58 ./Core/Src/main.o
                0x0000000020000200                hspi4
 .bss.huart1    0x0000000020000258       0x44 ./Core/Src/main.o
                0x0000000020000258                huart1
 .bss.huart3    0x000000002000029c       0x44 ./Core/Src/main.o
                0x000000002000029c                huart3
 .bss.huidig_status
                0x00000000200002e0        0x1 ./Core/Src/main.o
                0x00000000200002e0                huidig_status
 *fill*         0x00000000200002e1        0x3 
 .bss.uwTick    0x00000000200002e4        0x4 ./Drivers/STM32F4xx_HAL_Driver/Src/stm32f4xx_hal.o
                0x00000000200002e4                uwTick
 .bss.cfgidx.0  0x00000000200002e8        0x1 ./Middlewares/ST/STM32_USB_Device_Library/Core/Src/usbd_ctlreq.o
 *fill*         0x00000000200002e9        0x3 
 .bss.hUsbDeviceFS
                0x00000000200002ec      0x2dc ./USB_DEVICE/App/usb_device.o
                0x00000000200002ec                hUsbDeviceFS
 .bss.UserRxBufferFS
                0x00000000200005c8      0x800 ./USB_DEVICE/App/usbd_cdc_if.o
                0x00000000200005c8                UserRxBufferFS
 .bss.UserTxBufferFS
                0x0000000020000dc8      0x800 ./USB_DEVICE/App/usbd_cdc_if.o
                0x0000000020000dc8                UserTxBufferFS
 .bss.USBD_StrDesc
                0x00000000200015c8      0x200 ./USB_DEVICE/App/usbd_desc.o
                0x00000000200015c8                USBD_StrDesc
 .bss.hpcd_USB_OTG_FS
                0x00000000200017c8      0x50c ./USB_DEVICE/Target/usbd_conf.o
                0x00000000200017c8                hpcd_USB_OTG_FS
 .bss.mem.0     0x0000000020001cd4      0x220 ./USB_DEVICE/Target/usbd_conf.o
 *(COMMON)
                0x0000000020001ef4                . = ALIGN (0x4)
                0x0000000020001ef4                _ebss = .
                0x0000000020001ef4                __bss_end__ = _ebss

._user_heap_stack
                0x0000000020001ef4      0x604 load address 0x0000000008009324
                0x0000000020001ef8                . = ALIGN (0x8)
 *fill*         0x0000000020001ef4        0x4 
                [!provide]                        PROVIDE (end = .)
                0x0000000020001ef8                PROVIDE (_end = .)
                0x00000000200020f8                . = (. + _Min_Heap_Size)
 *fill*         0x0000000020001ef8      0x200 
                0x00000000200024f8                . = (. + _Min_Stack_Size)
 *fill*         0x00000000200020f8      0x400 
                0x00000000200024f8                . = ALIGN (0x8)

/DISCARD/
 libc.a(*)
 libm.a(*)
 libgcc.a(*)

.ARM.attributes
                0x0000000000000000       0x30
 *(.ARM.attributes)
 .ARM.attributes
                0x0000000000000000       0x1e c:/st/stm32cubeide_1.12.0/stm32cubeide/plugins/com.st.stm32cube.ide.mcu.externaltools.gnu-tools-for-stm32.10.3-2021.10.win32_1.0.200.202301161003/tools/bin/../lib/gcc/arm-none-eabi/10.3.1/thumb/v7e-m+fp/hard/crti.o
 .ARM.attributes
                0x000000000000001e       0x34 c:/st/stm32cubeide_1.12.0/stm32cubeide/plugins/com.st.stm32cube.ide.mcu.externaltools.gnu-tools-for-stm32.10.3-2021.10.win32_1.0.200.202301161003/tools/bin/../lib/gcc/arm-none-eabi/10.3.1/thumb/v7e-m+fp/hard/crtbegin.o
 .ARM.attributes
                0x0000000000000052       0x34 ./Core/Src/main.o
 .ARM.attributes
                0x0000000000000086       0x34 ./Core/Src/stm32f4xx_hal_msp.o
 .ARM.attributes
                0x00000000000000ba       0x34 ./Core/Src/stm32f4xx_it.o
 .ARM.attributes
                0x00000000000000ee       0x34 ./Core/Src/system_stm32f4xx.o
 .ARM.attributes
                0x0000000000000122       0x21 ./Core/Startup/startup_stm32f446zetx.o
 .ARM.attributes
                0x0000000000000143       0x34 ./Drivers/STM32F4xx_HAL_Driver/Src/stm32f4xx_hal.o
 .ARM.attributes
                0x0000000000000177       0x34 ./Drivers/STM32F4xx_HAL_Driver/Src/stm32f4xx_hal_cortex.o
 .ARM.attributes
                0x00000000000001ab       0x34 ./Drivers/STM32F4xx_HAL_Driver/Src/stm32f4xx_hal_gpio.o
 .ARM.attributes
                0x00000000000001df       0x34 ./Drivers/STM32F4xx_HAL_Driver/Src/stm32f4xx_hal_i2s.o
 .ARM.attributes
                0x0000000000000213       0x34 ./Drivers/STM32F4xx_HAL_Driver/Src/stm32f4xx_hal_pcd.o
 .ARM.attributes
                0x0000000000000247       0x34 ./Drivers/STM32F4xx_HAL_Driver/Src/stm32f4xx_hal_pcd_ex.o
 .ARM.attributes
                0x000000000000027b       0x34 ./Drivers/STM32F4xx_HAL_Driver/Src/stm32f4xx_hal_rcc.o
 .ARM.attributes
                0x00000000000002af       0x34 ./Drivers/STM32F4xx_HAL_Driver/Src/stm32f4xx_hal_rcc_ex.o
 .ARM.attributes
                0x00000000000002e3       0x34 ./Drivers/STM32F4xx_HAL_Driver/Src/stm32f4xx_hal_spi.o
 .ARM.attributes
                0x0000000000000317       0x34 ./Drivers/STM32F4xx_HAL_Driver/Src/stm32f4xx_hal_uart.o
 .ARM.attributes
                0x000000000000034b       0x34 ./Drivers/STM32F4xx_HAL_Driver/Src/stm32f4xx_ll_usb.o
 .ARM.attributes
                0x000000000000037f       0x34 ./Middlewares/ST/STM32_USB_Device_Library/Class/CDC/Src/usbd_cdc.o
 .ARM.attributes
                0x00000000000003b3       0x34 ./Middlewares/ST/STM32_USB_Device_Library/Core/Src/usbd_core.o
 .ARM.attributes
                0x00000000000003e7       0x34 ./Middlewares/ST/STM32_USB_Device_Library/Core/Src/usbd_ctlreq.o
 .ARM.attributes
                0x000000000000041b       0x34 ./Middlewares/ST/STM32_USB_Device_Library/Core/Src/usbd_ioreq.o
 .ARM.attributes
                0x000000000000044f       0x34 ./USB_DEVICE/App/usb_device.o
 .ARM.attributes
                0x0000000000000483       0x34 ./USB_DEVICE/App/usbd_cdc_if.o
 .ARM.attributes
                0x00000000000004b7       0x34 ./USB_DEVICE/App/usbd_desc.o
 .ARM.attributes
                0x00000000000004eb       0x34 ./USB_DEVICE/Target/usbd_conf.o
 .ARM.attributes
                0x000000000000051f       0x34 c:/st/stm32cubeide_1.12.0/stm32cubeide/plugins/com.st.stm32cube.ide.mcu.externaltools.gnu-tools-for-stm32.10.3-2021.10.win32_1.0.200.202301161003/tools/bin/../lib/gcc/arm-none-eabi/10.3.1/../../../../arm-none-eabi/lib/thumb/v7e-m+fp/hard\libc_nano.a(lib_a-init.o)
 .ARM.attributes
                0x0000000000000553       0x34 c:/st/stm32cubeide_1.12.0/stm32cubeide/plugins/com.st.stm32cube.ide.mcu.externaltools.gnu-tools-for-stm32.10.3-2021.10.win32_1.0.200.202301161003/tools/bin/../lib/gcc/arm-none-eabi/10.3.1/../../../../arm-none-eabi/lib/thumb/v7e-m+fp/hard\libc_nano.a(lib_a-memset.o)
 .ARM.attributes
                0x0000000000000587       0x1e c:/st/stm32cubeide_1.12.0/stm32cubeide/plugins/com.st.stm32cube.ide.mcu.externaltools.gnu-tools-for-stm32.10.3-2021.10.win32_1.0.200.202301161003/tools/bin/../lib/gcc/arm-none-eabi/10.3.1/thumb/v7e-m+fp/hard\libgcc.a(_aeabi_uldivmod.o)
 .ARM.attributes
                0x00000000000005a5       0x34 c:/st/stm32cubeide_1.12.0/stm32cubeide/plugins/com.st.stm32cube.ide.mcu.externaltools.gnu-tools-for-stm32.10.3-2021.10.win32_1.0.200.202301161003/tools/bin/../lib/gcc/arm-none-eabi/10.3.1/thumb/v7e-m+fp/hard\libgcc.a(_udivmoddi4.o)
 .ARM.attributes
                0x00000000000005d9       0x1e c:/st/stm32cubeide_1.12.0/stm32cubeide/plugins/com.st.stm32cube.ide.mcu.externaltools.gnu-tools-for-stm32.10.3-2021.10.win32_1.0.200.202301161003/tools/bin/../lib/gcc/arm-none-eabi/10.3.1/thumb/v7e-m+fp/hard\libgcc.a(_dvmd_tls.o)
 .ARM.attributes
                0x00000000000005f7       0x1e c:/st/stm32cubeide_1.12.0/stm32cubeide/plugins/com.st.stm32cube.ide.mcu.externaltools.gnu-tools-for-stm32.10.3-2021.10.win32_1.0.200.202301161003/tools/bin/../lib/gcc/arm-none-eabi/10.3.1/thumb/v7e-m+fp/hard/crtn.o
OUTPUT(User_interface_unittest.elf elf32-littlearm)
LOAD linker stubs
LOAD c:/st/stm32cubeide_1.12.0/stm32cubeide/plugins/com.st.stm32cube.ide.mcu.externaltools.gnu-tools-for-stm32.10.3-2021.10.win32_1.0.200.202301161003/tools/bin/../lib/gcc/arm-none-eabi/10.3.1/../../../../arm-none-eabi/lib/thumb/v7e-m+fp/hard\libc.a
LOAD c:/st/stm32cubeide_1.12.0/stm32cubeide/plugins/com.st.stm32cube.ide.mcu.externaltools.gnu-tools-for-stm32.10.3-2021.10.win32_1.0.200.202301161003/tools/bin/../lib/gcc/arm-none-eabi/10.3.1/../../../../arm-none-eabi/lib/thumb/v7e-m+fp/hard\libm.a
LOAD c:/st/stm32cubeide_1.12.0/stm32cubeide/plugins/com.st.stm32cube.ide.mcu.externaltools.gnu-tools-for-stm32.10.3-2021.10.win32_1.0.200.202301161003/tools/bin/../lib/gcc/arm-none-eabi/10.3.1/thumb/v7e-m+fp/hard\libgcc.a

.debug_info     0x0000000000000000    0x161e5
 .debug_info    0x0000000000000000     0x14e8 ./Core/Src/main.o
 .debug_info    0x00000000000014e8     0x102a ./Core/Src/stm32f4xx_hal_msp.o
 .debug_info    0x0000000000002512      0x6b4 ./Core/Src/stm32f4xx_it.o
 .debug_info    0x0000000000002bc6      0x55b ./Core/Src/system_stm32f4xx.o
 .debug_info    0x0000000000003121       0x22 ./Core/Startup/startup_stm32f446zetx.o
 .debug_info    0x0000000000003143      0x9d2 ./Drivers/STM32F4xx_HAL_Driver/Src/stm32f4xx_hal.o
 .debug_info    0x0000000000003b15      0xe39 ./Drivers/STM32F4xx_HAL_Driver/Src/stm32f4xx_hal_cortex.o
 .debug_info    0x000000000000494e      0x7be ./Drivers/STM32F4xx_HAL_Driver/Src/stm32f4xx_hal_gpio.o
 .debug_info    0x000000000000510c      0xe48 ./Drivers/STM32F4xx_HAL_Driver/Src/stm32f4xx_hal_i2s.o
 .debug_info    0x0000000000005f54     0x170f ./Drivers/STM32F4xx_HAL_Driver/Src/stm32f4xx_hal_pcd.o
 .debug_info    0x0000000000007663      0x7f3 ./Drivers/STM32F4xx_HAL_Driver/Src/stm32f4xx_hal_pcd_ex.o
 .debug_info    0x0000000000007e56      0x9ab ./Drivers/STM32F4xx_HAL_Driver/Src/stm32f4xx_hal_rcc.o
 .debug_info    0x0000000000008801      0x9ec ./Drivers/STM32F4xx_HAL_Driver/Src/stm32f4xx_hal_rcc_ex.o
 .debug_info    0x00000000000091ed     0x1758 ./Drivers/STM32F4xx_HAL_Driver/Src/stm32f4xx_hal_spi.o
 .debug_info    0x000000000000a945     0x31bc ./Drivers/STM32F4xx_HAL_Driver/Src/stm32f4xx_hal_uart.o
 .debug_info    0x000000000000db01     0x1afb ./Drivers/STM32F4xx_HAL_Driver/Src/stm32f4xx_ll_usb.o
 .debug_info    0x000000000000f5fc     0x137e ./Middlewares/ST/STM32_USB_Device_Library/Class/CDC/Src/usbd_cdc.o
 .debug_info    0x000000000001097a      0xef5 ./Middlewares/ST/STM32_USB_Device_Library/Core/Src/usbd_core.o
 .debug_info    0x000000000001186f      0xb8d ./Middlewares/ST/STM32_USB_Device_Library/Core/Src/usbd_ctlreq.o
 .debug_info    0x00000000000123fc      0x7e8 ./Middlewares/ST/STM32_USB_Device_Library/Core/Src/usbd_ioreq.o
 .debug_info    0x0000000000012be4      0x778 ./USB_DEVICE/App/usb_device.o
 .debug_info    0x000000000001335c      0x97d ./USB_DEVICE/App/usbd_cdc_if.o
 .debug_info    0x0000000000013cd9      0x505 ./USB_DEVICE/App/usbd_desc.o
 .debug_info    0x00000000000141de     0x2007 ./USB_DEVICE/Target/usbd_conf.o

.debug_abbrev   0x0000000000000000     0x33d1
 .debug_abbrev  0x0000000000000000      0x2bb ./Core/Src/main.o
 .debug_abbrev  0x00000000000002bb      0x1d9 ./Core/Src/stm32f4xx_hal_msp.o
 .debug_abbrev  0x0000000000000494      0x199 ./Core/Src/stm32f4xx_it.o
 .debug_abbrev  0x000000000000062d      0x116 ./Core/Src/system_stm32f4xx.o
 .debug_abbrev  0x0000000000000743       0x12 ./Core/Startup/startup_stm32f446zetx.o
 .debug_abbrev  0x0000000000000755      0x20d ./Drivers/STM32F4xx_HAL_Driver/Src/stm32f4xx_hal.o
 .debug_abbrev  0x0000000000000962      0x316 ./Drivers/STM32F4xx_HAL_Driver/Src/stm32f4xx_hal_cortex.o
 .debug_abbrev  0x0000000000000c78      0x1c4 ./Drivers/STM32F4xx_HAL_Driver/Src/stm32f4xx_hal_gpio.o
 .debug_abbrev  0x0000000000000e3c      0x232 ./Drivers/STM32F4xx_HAL_Driver/Src/stm32f4xx_hal_i2s.o
 .debug_abbrev  0x000000000000106e      0x2d2 ./Drivers/STM32F4xx_HAL_Driver/Src/stm32f4xx_hal_pcd.o
 .debug_abbrev  0x0000000000001340      0x1ce ./Drivers/STM32F4xx_HAL_Driver/Src/stm32f4xx_hal_pcd_ex.o
 .debug_abbrev  0x000000000000150e      0x2aa ./Drivers/STM32F4xx_HAL_Driver/Src/stm32f4xx_hal_rcc.o
 .debug_abbrev  0x00000000000017b8      0x1fb ./Drivers/STM32F4xx_HAL_Driver/Src/stm32f4xx_hal_rcc_ex.o
 .debug_abbrev  0x00000000000019b3      0x26e ./Drivers/STM32F4xx_HAL_Driver/Src/stm32f4xx_hal_spi.o
 .debug_abbrev  0x0000000000001c21      0x2f4 ./Drivers/STM32F4xx_HAL_Driver/Src/stm32f4xx_hal_uart.o
 .debug_abbrev  0x0000000000001f15      0x296 ./Drivers/STM32F4xx_HAL_Driver/Src/stm32f4xx_ll_usb.o
 .debug_abbrev  0x00000000000021ab      0x2be ./Middlewares/ST/STM32_USB_Device_Library/Class/CDC/Src/usbd_cdc.o
 .debug_abbrev  0x0000000000002469      0x263 ./Middlewares/ST/STM32_USB_Device_Library/Core/Src/usbd_core.o
 .debug_abbrev  0x00000000000026cc      0x25c ./Middlewares/ST/STM32_USB_Device_Library/Core/Src/usbd_ctlreq.o
 .debug_abbrev  0x0000000000002928      0x18a ./Middlewares/ST/STM32_USB_Device_Library/Core/Src/usbd_ioreq.o
 .debug_abbrev  0x0000000000002ab2      0x18a ./USB_DEVICE/App/usb_device.o
 .debug_abbrev  0x0000000000002c3c      0x290 ./USB_DEVICE/App/usbd_cdc_if.o
 .debug_abbrev  0x0000000000002ecc      0x1da ./USB_DEVICE/App/usbd_desc.o
 .debug_abbrev  0x00000000000030a6      0x32b ./USB_DEVICE/Target/usbd_conf.o

.debug_aranges  0x0000000000000000     0x1140
 .debug_aranges
                0x0000000000000000       0xa0 ./Core/Src/main.o
 .debug_aranges
                0x00000000000000a0       0x50 ./Core/Src/stm32f4xx_hal_msp.o
 .debug_aranges
                0x00000000000000f0       0x68 ./Core/Src/stm32f4xx_it.o
 .debug_aranges
                0x0000000000000158       0x28 ./Core/Src/system_stm32f4xx.o
 .debug_aranges
                0x0000000000000180       0x28 ./Core/Startup/startup_stm32f446zetx.o
 .debug_aranges
                0x00000000000001a8       0xf0 ./Drivers/STM32F4xx_HAL_Driver/Src/stm32f4xx_hal.o
 .debug_aranges
                0x0000000000000298      0x118 ./Drivers/STM32F4xx_HAL_Driver/Src/stm32f4xx_hal_cortex.o
 .debug_aranges
                0x00000000000003b0       0x58 ./Drivers/STM32F4xx_HAL_Driver/Src/stm32f4xx_hal_gpio.o
 .debug_aranges
                0x0000000000000408      0x108 ./Drivers/STM32F4xx_HAL_Driver/Src/stm32f4xx_hal_i2s.o
 .debug_aranges
                0x0000000000000510      0x148 ./Drivers/STM32F4xx_HAL_Driver/Src/stm32f4xx_hal_pcd.o
 .debug_aranges
                0x0000000000000658       0x48 ./Drivers/STM32F4xx_HAL_Driver/Src/stm32f4xx_hal_pcd_ex.o
 .debug_aranges
                0x00000000000006a0       0x88 ./Drivers/STM32F4xx_HAL_Driver/Src/stm32f4xx_hal_rcc.o
 .debug_aranges
                0x0000000000000728       0x78 ./Drivers/STM32F4xx_HAL_Driver/Src/stm32f4xx_hal_rcc_ex.o
 .debug_aranges
                0x00000000000007a0      0x1d0 ./Drivers/STM32F4xx_HAL_Driver/Src/stm32f4xx_hal_spi.o
 .debug_aranges
                0x0000000000000970      0x200 ./Drivers/STM32F4xx_HAL_Driver/Src/stm32f4xx_hal_uart.o
 .debug_aranges
                0x0000000000000b70      0x1a0 ./Drivers/STM32F4xx_HAL_Driver/Src/stm32f4xx_ll_usb.o
 .debug_aranges
                0x0000000000000d10       0x90 ./Middlewares/ST/STM32_USB_Device_Library/Class/CDC/Src/usbd_cdc.o
 .debug_aranges
                0x0000000000000da0       0xd8 ./Middlewares/ST/STM32_USB_Device_Library/Core/Src/usbd_core.o
 .debug_aranges
                0x0000000000000e78       0x90 ./Middlewares/ST/STM32_USB_Device_Library/Core/Src/usbd_ctlreq.o
 .debug_aranges
                0x0000000000000f08       0x50 ./Middlewares/ST/STM32_USB_Device_Library/Core/Src/usbd_ioreq.o
 .debug_aranges
                0x0000000000000f58       0x20 ./USB_DEVICE/App/usb_device.o
 .debug_aranges
                0x0000000000000f78       0x48 ./USB_DEVICE/App/usbd_cdc_if.o
 .debug_aranges
                0x0000000000000fc0       0x68 ./USB_DEVICE/App/usbd_desc.o
 .debug_aranges
                0x0000000000001028      0x118 ./USB_DEVICE/Target/usbd_conf.o

.debug_ranges   0x0000000000000000      0xff8
 .debug_ranges  0x0000000000000000       0x90 ./Core/Src/main.o
 .debug_ranges  0x0000000000000090       0x40 ./Core/Src/stm32f4xx_hal_msp.o
 .debug_ranges  0x00000000000000d0       0x58 ./Core/Src/stm32f4xx_it.o
 .debug_ranges  0x0000000000000128       0x18 ./Core/Src/system_stm32f4xx.o
 .debug_ranges  0x0000000000000140       0x20 ./Core/Startup/startup_stm32f446zetx.o
 .debug_ranges  0x0000000000000160       0xe0 ./Drivers/STM32F4xx_HAL_Driver/Src/stm32f4xx_hal.o
 .debug_ranges  0x0000000000000240      0x108 ./Drivers/STM32F4xx_HAL_Driver/Src/stm32f4xx_hal_cortex.o
 .debug_ranges  0x0000000000000348       0x48 ./Drivers/STM32F4xx_HAL_Driver/Src/stm32f4xx_hal_gpio.o
 .debug_ranges  0x0000000000000390       0xf8 ./Drivers/STM32F4xx_HAL_Driver/Src/stm32f4xx_hal_i2s.o
 .debug_ranges  0x0000000000000488      0x138 ./Drivers/STM32F4xx_HAL_Driver/Src/stm32f4xx_hal_pcd.o
 .debug_ranges  0x00000000000005c0       0x38 ./Drivers/STM32F4xx_HAL_Driver/Src/stm32f4xx_hal_pcd_ex.o
 .debug_ranges  0x00000000000005f8       0x78 ./Drivers/STM32F4xx_HAL_Driver/Src/stm32f4xx_hal_rcc.o
 .debug_ranges  0x0000000000000670       0x68 ./Drivers/STM32F4xx_HAL_Driver/Src/stm32f4xx_hal_rcc_ex.o
 .debug_ranges  0x00000000000006d8      0x1c0 ./Drivers/STM32F4xx_HAL_Driver/Src/stm32f4xx_hal_spi.o
 .debug_ranges  0x0000000000000898      0x220 ./Drivers/STM32F4xx_HAL_Driver/Src/stm32f4xx_hal_uart.o
 .debug_ranges  0x0000000000000ab8      0x190 ./Drivers/STM32F4xx_HAL_Driver/Src/stm32f4xx_ll_usb.o
 .debug_ranges  0x0000000000000c48       0x80 ./Middlewares/ST/STM32_USB_Device_Library/Class/CDC/Src/usbd_cdc.o
 .debug_ranges  0x0000000000000cc8       0xc8 ./Middlewares/ST/STM32_USB_Device_Library/Core/Src/usbd_core.o
 .debug_ranges  0x0000000000000d90       0x80 ./Middlewares/ST/STM32_USB_Device_Library/Core/Src/usbd_ctlreq.o
 .debug_ranges  0x0000000000000e10       0x40 ./Middlewares/ST/STM32_USB_Device_Library/Core/Src/usbd_ioreq.o
 .debug_ranges  0x0000000000000e50       0x10 ./USB_DEVICE/App/usb_device.o
 .debug_ranges  0x0000000000000e60       0x38 ./USB_DEVICE/App/usbd_cdc_if.o
 .debug_ranges  0x0000000000000e98       0x58 ./USB_DEVICE/App/usbd_desc.o
 .debug_ranges  0x0000000000000ef0      0x108 ./USB_DEVICE/Target/usbd_conf.o

.debug_macro    0x0000000000000000    0x24c4e
 .debug_macro   0x0000000000000000      0x444 ./Core/Src/main.o
 .debug_macro   0x0000000000000444      0xa78 ./Core/Src/main.o
 .debug_macro   0x0000000000000ebc      0x2a7 ./Core/Src/main.o
 .debug_macro   0x0000000000001163       0x2e ./Core/Src/main.o
 .debug_macro   0x0000000000001191       0x28 ./Core/Src/main.o
 .debug_macro   0x00000000000011b9       0x22 ./Core/Src/main.o
 .debug_macro   0x00000000000011db       0x8e ./Core/Src/main.o
 .debug_macro   0x0000000000001269       0x51 ./Core/Src/main.o
 .debug_macro   0x00000000000012ba      0x103 ./Core/Src/main.o
 .debug_macro   0x00000000000013bd       0x6a ./Core/Src/main.o
 .debug_macro   0x0000000000001427      0x1df ./Core/Src/main.o
 .debug_macro   0x0000000000001606       0x1c ./Core/Src/main.o
 .debug_macro   0x0000000000001622       0x22 ./Core/Src/main.o
 .debug_macro   0x0000000000001644       0xd9 ./Core/Src/main.o
 .debug_macro   0x000000000000171d     0x102d ./Core/Src/main.o
 .debug_macro   0x000000000000274a      0x11f ./Core/Src/main.o
 .debug_macro   0x0000000000002869    0x16749 ./Core/Src/main.o
 .debug_macro   0x0000000000018fb2       0x6d ./Core/Src/main.o
 .debug_macro   0x000000000001901f     0x367e ./Core/Src/main.o
 .debug_macro   0x000000000001c69d      0x174 ./Core/Src/main.o
 .debug_macro   0x000000000001c811       0x5c ./Core/Src/main.o
 .debug_macro   0x000000000001c86d      0xc90 ./Core/Src/main.o
 .debug_macro   0x000000000001d4fd      0x9fe ./Core/Src/main.o
 .debug_macro   0x000000000001defb      0x115 ./Core/Src/main.o
 .debug_macro   0x000000000001e010      0x1a0 ./Core/Src/main.o
 .debug_macro   0x000000000001e1b0       0xa5 ./Core/Src/main.o
 .debug_macro   0x000000000001e255      0x16d ./Core/Src/main.o
 .debug_macro   0x000000000001e3c2      0x287 ./Core/Src/main.o
 .debug_macro   0x000000000001e649       0x5f ./Core/Src/main.o
 .debug_macro   0x000000000001e6a8      0x236 ./Core/Src/main.o
 .debug_macro   0x000000000001e8de      0x132 ./Core/Src/main.o
 .debug_macro   0x000000000001ea10      0x29c ./Core/Src/main.o
 .debug_macro   0x000000000001ecac       0x2e ./Core/Src/main.o
 .debug_macro   0x000000000001ecda      0x1b5 ./Core/Src/main.o
 .debug_macro   0x000000000001ee8f       0x4a ./Core/Src/main.o
 .debug_macro   0x000000000001eed9      0x11a ./Core/Src/main.o
 .debug_macro   0x000000000001eff3       0xe8 ./Core/Src/main.o
 .debug_macro   0x000000000001f0db       0x89 ./Core/Src/main.o
 .debug_macro   0x000000000001f164      0x225 ./Core/Src/main.o
 .debug_macro   0x000000000001f389      0x295 ./Core/Src/main.o
 .debug_macro   0x000000000001f61e      0x248 ./Core/Src/main.o
 .debug_macro   0x000000000001f866       0xba ./Core/Src/main.o
 .debug_macro   0x000000000001f920      0x126 ./Core/Src/main.o
 .debug_macro   0x000000000001fa46       0x88 ./Core/Src/main.o
 .debug_macro   0x000000000001face       0x52 ./Core/Src/main.o
 .debug_macro   0x000000000001fb20       0x1e ./Core/Src/main.o
 .debug_macro   0x000000000001fb3e       0x3c ./Core/Src/main.o
 .debug_macro   0x000000000001fb7a       0x34 ./Core/Src/main.o
 .debug_macro   0x000000000001fbae       0x16 ./Core/Src/main.o
 .debug_macro   0x000000000001fbc4       0x35 ./Core/Src/main.o
 .debug_macro   0x000000000001fbf9      0x341 ./Core/Src/main.o
 .debug_macro   0x000000000001ff3a       0x10 ./Core/Src/main.o
 .debug_macro   0x000000000001ff4a       0x16 ./Core/Src/main.o
 .debug_macro   0x000000000001ff60       0x43 ./Core/Src/main.o
 .debug_macro   0x000000000001ffa3       0x34 ./Core/Src/main.o
 .debug_macro   0x000000000001ffd7       0x10 ./Core/Src/main.o
 .debug_macro   0x000000000001ffe7       0x58 ./Core/Src/main.o
 .debug_macro   0x000000000002003f       0x71 ./Core/Src/main.o
 .debug_macro   0x00000000000200b0       0x1c ./Core/Src/main.o
 .debug_macro   0x00000000000200cc      0x12a ./Core/Src/main.o
 .debug_macro   0x00000000000201f6       0x10 ./Core/Src/main.o
 .debug_macro   0x0000000000020206       0x1c ./Core/Src/main.o
 .debug_macro   0x0000000000020222       0x52 ./Core/Src/main.o
 .debug_macro   0x0000000000020274       0x22 ./Core/Src/main.o
 .debug_macro   0x0000000000020296       0x10 ./Core/Src/main.o
 .debug_macro   0x00000000000202a6       0x52 ./Core/Src/main.o
 .debug_macro   0x00000000000202f8       0xd5 ./Core/Src/main.o
 .debug_macro   0x00000000000203cd       0x1c ./Core/Src/main.o
 .debug_macro   0x00000000000203e9       0x3d ./Core/Src/main.o
 .debug_macro   0x0000000000020426       0x16 ./Core/Src/main.o
 .debug_macro   0x000000000002043c      0x145 ./Core/Src/main.o
 .debug_macro   0x0000000000020581       0x16 ./Core/Src/main.o
 .debug_macro   0x0000000000020597       0x16 ./Core/Src/main.o
 .debug_macro   0x00000000000205ad       0x29 ./Core/Src/main.o
 .debug_macro   0x00000000000205d6       0x16 ./Core/Src/main.o
 .debug_macro   0x00000000000205ec       0x20 ./Core/Src/main.o
 .debug_macro   0x000000000002060c       0x65 ./Core/Src/main.o
 .debug_macro   0x0000000000020671      0x20f ./Core/Src/main.o
 .debug_macro   0x0000000000020880      0x211 ./Core/Src/stm32f4xx_hal_msp.o
 .debug_macro   0x0000000000020a91      0x21b ./Core/Src/stm32f4xx_it.o
 .debug_macro   0x0000000000020cac      0x202 ./Core/Src/system_stm32f4xx.o
 .debug_macro   0x0000000000020eae      0x262 ./Drivers/STM32F4xx_HAL_Driver/Src/stm32f4xx_hal.o
 .debug_macro   0x0000000000021110      0x202 ./Drivers/STM32F4xx_HAL_Driver/Src/stm32f4xx_hal_cortex.o
 .debug_macro   0x0000000000021312      0x208 ./Drivers/STM32F4xx_HAL_Driver/Src/stm32f4xx_hal_gpio.o
 .debug_macro   0x000000000002151a      0x20a ./Drivers/STM32F4xx_HAL_Driver/Src/stm32f4xx_hal_i2s.o
 .debug_macro   0x0000000000021724      0x20e ./Drivers/STM32F4xx_HAL_Driver/Src/stm32f4xx_hal_pcd.o
 .debug_macro   0x0000000000021932      0x202 ./Drivers/STM32F4xx_HAL_Driver/Src/stm32f4xx_hal_pcd_ex.o
 .debug_macro   0x0000000000021b34      0x226 ./Drivers/STM32F4xx_HAL_Driver/Src/stm32f4xx_hal_rcc.o
 .debug_macro   0x0000000000021d5a      0x202 ./Drivers/STM32F4xx_HAL_Driver/Src/stm32f4xx_hal_rcc_ex.o
 .debug_macro   0x0000000000021f5c      0x211 ./Drivers/STM32F4xx_HAL_Driver/Src/stm32f4xx_hal_spi.o
 .debug_macro   0x000000000002216d      0x203 ./Drivers/STM32F4xx_HAL_Driver/Src/stm32f4xx_hal_uart.o
 .debug_macro   0x0000000000022370      0x202 ./Drivers/STM32F4xx_HAL_Driver/Src/stm32f4xx_ll_usb.o
 .debug_macro   0x0000000000022572      0x427 ./Middlewares/ST/STM32_USB_Device_Library/Class/CDC/Src/usbd_cdc.o
 .debug_macro   0x0000000000022999       0x97 ./Middlewares/ST/STM32_USB_Device_Library/Class/CDC/Src/usbd_cdc.o
 .debug_macro   0x0000000000022a30       0xfd ./Middlewares/ST/STM32_USB_Device_Library/Class/CDC/Src/usbd_cdc.o
 .debug_macro   0x0000000000022b2d       0x56 ./Middlewares/ST/STM32_USB_Device_Library/Class/CDC/Src/usbd_cdc.o
 .debug_macro   0x0000000000022b83       0x95 ./Middlewares/ST/STM32_USB_Device_Library/Class/CDC/Src/usbd_cdc.o
 .debug_macro   0x0000000000022c18      0x40e ./Middlewares/ST/STM32_USB_Device_Library/Core/Src/usbd_core.o
 .debug_macro   0x0000000000023026      0x215 ./Middlewares/ST/STM32_USB_Device_Library/Core/Src/usbd_core.o
 .debug_macro   0x000000000002323b      0x418 ./Middlewares/ST/STM32_USB_Device_Library/Core/Src/usbd_ctlreq.o
 .debug_macro   0x0000000000023653      0x414 ./Middlewares/ST/STM32_USB_Device_Library/Core/Src/usbd_ioreq.o
 .debug_macro   0x0000000000023a67      0x447 ./USB_DEVICE/App/usb_device.o
 .debug_macro   0x0000000000023eae       0x8e ./USB_DEVICE/App/usb_device.o
 .debug_macro   0x0000000000023f3c       0x22 ./USB_DEVICE/App/usb_device.o
 .debug_macro   0x0000000000023f5e       0x16 ./USB_DEVICE/App/usb_device.o
 .debug_macro   0x0000000000023f74      0x432 ./USB_DEVICE/App/usbd_cdc_if.o
 .debug_macro   0x00000000000243a6       0x10 ./USB_DEVICE/App/usbd_cdc_if.o
 .debug_macro   0x00000000000243b6      0x451 ./USB_DEVICE/App/usbd_desc.o
 .debug_macro   0x0000000000024807       0x1c ./USB_DEVICE/App/usbd_desc.o
 .debug_macro   0x0000000000024823      0x42b ./USB_DEVICE/Target/usbd_conf.o

.debug_line     0x0000000000000000    0x164c1
 .debug_line    0x0000000000000000      0xd11 ./Core/Src/main.o
 .debug_line    0x0000000000000d11      0x8d6 ./Core/Src/stm32f4xx_hal_msp.o
 .debug_line    0x00000000000015e7      0x7fc ./Core/Src/stm32f4xx_it.o
 .debug_line    0x0000000000001de3      0x7a3 ./Core/Src/system_stm32f4xx.o
 .debug_line    0x0000000000002586       0x88 ./Core/Startup/startup_stm32f446zetx.o
 .debug_line    0x000000000000260e      0xa09 ./Drivers/STM32F4xx_HAL_Driver/Src/stm32f4xx_hal.o
 .debug_line    0x0000000000003017      0xcb8 ./Drivers/STM32F4xx_HAL_Driver/Src/stm32f4xx_hal_cortex.o
 .debug_line    0x0000000000003ccf      0xb69 ./Drivers/STM32F4xx_HAL_Driver/Src/stm32f4xx_hal_gpio.o
 .debug_line    0x0000000000004838     0x10df ./Drivers/STM32F4xx_HAL_Driver/Src/stm32f4xx_hal_i2s.o
 .debug_line    0x0000000000005917     0x14d3 ./Drivers/STM32F4xx_HAL_Driver/Src/stm32f4xx_hal_pcd.o
 .debug_line    0x0000000000006dea      0x833 ./Drivers/STM32F4xx_HAL_Driver/Src/stm32f4xx_hal_pcd_ex.o
 .debug_line    0x000000000000761d      0xd91 ./Drivers/STM32F4xx_HAL_Driver/Src/stm32f4xx_hal_rcc.o
 .debug_line    0x00000000000083ae     0x141c ./Drivers/STM32F4xx_HAL_Driver/Src/stm32f4xx_hal_rcc_ex.o
 .debug_line    0x00000000000097ca     0x1c93 ./Drivers/STM32F4xx_HAL_Driver/Src/stm32f4xx_hal_spi.o
 .debug_line    0x000000000000b45d     0x2aae ./Drivers/STM32F4xx_HAL_Driver/Src/stm32f4xx_hal_uart.o
 .debug_line    0x000000000000df0b     0x1ac7 ./Drivers/STM32F4xx_HAL_Driver/Src/stm32f4xx_ll_usb.o
 .debug_line    0x000000000000f9d2      0xf36 ./Middlewares/ST/STM32_USB_Device_Library/Class/CDC/Src/usbd_cdc.o
 .debug_line    0x0000000000010908      0xfb0 ./Middlewares/ST/STM32_USB_Device_Library/Core/Src/usbd_core.o
 .debug_line    0x00000000000118b8     0x119e ./Middlewares/ST/STM32_USB_Device_Library/Core/Src/usbd_ctlreq.o
 .debug_line    0x0000000000012a56      0xac8 ./Middlewares/ST/STM32_USB_Device_Library/Core/Src/usbd_ioreq.o
 .debug_line    0x000000000001351e      0xa84 ./USB_DEVICE/App/usb_device.o
 .debug_line    0x0000000000013fa2      0xae7 ./USB_DEVICE/App/usbd_cdc_if.o
 .debug_line    0x0000000000014a89      0xb68 ./USB_DEVICE/App/usbd_desc.o
 .debug_line    0x00000000000155f1      0xed0 ./USB_DEVICE/Target/usbd_conf.o

.debug_str      0x0000000000000000    0xcf8af
 .debug_str     0x0000000000000000    0xcafdf ./Core/Src/main.o
                                      0xcb3a1 (size before relaxing)
 .debug_str     0x00000000000cafdf       0xb4 ./Core/Src/stm32f4xx_hal_msp.o
                                      0xc6466 (size before relaxing)
 .debug_str     0x00000000000cb093      0x47a ./Core/Src/stm32f4xx_it.o
                                      0xc5ff9 (size before relaxing)
 .debug_str     0x00000000000cb50d       0xdb ./Core/Src/system_stm32f4xx.o
                                      0xc5aa5 (size before relaxing)
 .debug_str     0x00000000000cb5e8       0x36 ./Core/Startup/startup_stm32f446zetx.o
                                         0xa2 (size before relaxing)
 .debug_str     0x00000000000cb61e      0xb24 ./Drivers/STM32F4xx_HAL_Driver/Src/stm32f4xx_hal.o
                                      0xc666a (size before relaxing)
 .debug_str     0x00000000000cc142      0x34d ./Drivers/STM32F4xx_HAL_Driver/Src/stm32f4xx_hal_cortex.o
                                      0xc6378 (size before relaxing)
 .debug_str     0x00000000000cc48f       0xfd ./Drivers/STM32F4xx_HAL_Driver/Src/stm32f4xx_hal_gpio.o
                                      0xc5c20 (size before relaxing)
 .debug_str     0x00000000000cc58c      0x2be ./Drivers/STM32F4xx_HAL_Driver/Src/stm32f4xx_hal_i2s.o
                                      0xc604a (size before relaxing)
 .debug_str     0x00000000000cc84a      0x853 ./Drivers/STM32F4xx_HAL_Driver/Src/stm32f4xx_hal_pcd.o
                                      0xc659a (size before relaxing)
 .debug_str     0x00000000000cd09d      0x12d ./Drivers/STM32F4xx_HAL_Driver/Src/stm32f4xx_hal_pcd_ex.o
                                      0xc5e9b (size before relaxing)
 .debug_str     0x00000000000cd1ca      0x214 ./Drivers/STM32F4xx_HAL_Driver/Src/stm32f4xx_hal_rcc.o
                                      0xc5ede (size before relaxing)
 .debug_str     0x00000000000cd3de      0x182 ./Drivers/STM32F4xx_HAL_Driver/Src/stm32f4xx_hal_rcc_ex.o
                                      0xc5f11 (size before relaxing)
 .debug_str     0x00000000000cd560      0x55e ./Drivers/STM32F4xx_HAL_Driver/Src/stm32f4xx_hal_spi.o
                                      0xc6344 (size before relaxing)
 .debug_str     0x00000000000cdabe      0x600 ./Drivers/STM32F4xx_HAL_Driver/Src/stm32f4xx_hal_uart.o
                                      0xc6453 (size before relaxing)
 .debug_str     0x00000000000ce0be      0x43b ./Drivers/STM32F4xx_HAL_Driver/Src/stm32f4xx_ll_usb.o
                                      0xc63e3 (size before relaxing)
 .debug_str     0x00000000000ce4f9      0xa2f ./Middlewares/ST/STM32_USB_Device_Library/Class/CDC/Src/usbd_cdc.o
                                      0xcb330 (size before relaxing)