../Core/Src/main.c:216:6:calculate_three_phase_sine_wave_samples	72	static
../Core/Src/main.c:284:6:select_test_scenario	16	static
../Core/Src/main.c:338:6:DAC8564_Write	24	static
../Core/Src/main.c:350:6:DAC8564_Wake_up	16	static
../Core/Src/main.c:360:6:HAL_TIM_PeriodElapsedCallback	16	static
../Core/Src/main.c:415:6:SET_refference	16	static
../Core/Src/main.c:430:6:zet_blauw_licht_aan	8	static
../Core/Src/main.c:436:6:zet_groen_licht_aan	8	static
../Core/Src/main.c:442:6:zet_rood_licht_aan	8	static
../Core/Src/main.c:448:6:groen_knipperend	8	static
../Core/Src/main.c:456:6:blauw_knipperend	8	static
../Core/Src/main.c:462:6:update_status	16	static
../Core/Src/main.c:471:6:send_active_scenario_to_gui	80	static
../Core/Src/main.c:479:6:send_status_to_gui	16	static
../Core/Src/main.c:488:6:receive_settings_and_update_status	8	static
../Core/Src/main.c:494:6:CheckReceivedData	8	static
../Core/Src/main.c:505:6:parse_received_data	112	static
../Core/Src/main.c:544:5:main	8	static
../Core/Src/main.c:658:6:SystemClock_Config	88	static
../Core/Src/main.c:705:13:MX_I2S1_Init	8	static
../Core/Src/main.c:739:13:MX_SPI2_Init	8	static
../Core/Src/main.c:777:13:MX_TIM2_Init	32	static
../Core/Src/main.c:822:13:MX_USART1_UART_Init	8	static
../Core/Src/main.c:855:13:MX_USART3_UART_Init	8	static
../Core/Src/main.c:888:13:MX_GPIO_Init	56	static
../Core/Src/main.c:953:6:StartDefaultTask	16	static
../Core/Src/main.c:976:6:KnopThread	16	static
../Core/Src/main.c:1002:6:Status_Thread	24	static
../Core/Src/main.c:1085:6:Display_ACTIVE_scenario	24	static
../Core/Src/main.c:1110:6:Error_Handler	4	static,ignoring_inline_asm
