../Core/Src/main.c:213:6:calculate_three_phase_sine_wave_samples	72	static
../Core/Src/main.c:281:6:select_test_scenario	16	static
../Core/Src/main.c:335:6:DAC8564_Write	24	static
../Core/Src/main.c:346:6:HAL_TIM_PeriodElapsedCallback	16	static
../Core/Src/main.c:402:6:SET_refference	16	static
../Core/Src/main.c:417:6:zet_blauw_licht_aan	8	static
../Core/Src/main.c:423:6:zet_groen_licht_aan	8	static
../Core/Src/main.c:429:6:zet_rood_licht_aan	8	static
../Core/Src/main.c:435:6:groen_knipperend	8	static
../Core/Src/main.c:443:6:blauw_knipperend	8	static
../Core/Src/main.c:449:6:update_status	16	static
../Core/Src/main.c:458:6:send_active_scenario_to_gui	80	static
../Core/Src/main.c:467:6:send_status_to_gui	16	static
../Core/Src/main.c:476:6:receive_settings_and_update_status	8	static
../Core/Src/main.c:489:6:run_test_procedure	4	static
../Core/Src/main.c:502:6:CheckReceivedData	8	static
../Core/Src/main.c:513:6:parse_received_data	112	static
../Core/Src/main.c:553:5:main	8	static
../Core/Src/main.c:695:6:SystemClock_Config	88	static
../Core/Src/main.c:742:13:MX_I2S1_Init	8	static
../Core/Src/main.c:776:13:MX_SPI2_Init	8	static
../Core/Src/main.c:814:13:MX_TIM2_Init	32	static
../Core/Src/main.c:859:13:MX_USART1_UART_Init	8	static
../Core/Src/main.c:892:13:MX_USART3_UART_Init	8	static
../Core/Src/main.c:925:13:MX_GPIO_Init	56	static
../Core/Src/main.c:990:6:StartDefaultTask	16	static
../Core/Src/main.c:1013:6:StartKnopThread	16	static
../Core/Src/main.c:1039:6:StartLEDThread	24	static
../Core/Src/main.c:1122:6:Display_ACTIVE_scenario	24	static
../Core/Src/main.c:1147:6:Error_Handler	4	static,ignoring_inline_asm
