../Core/Src/main.c:129:6:send_active_scenario_to_gui	80	static
../Core/Src/main.c:136:6:send_status_to_gui	16	static
../Core/Src/main.c:144:6:receive_settings_and_update_status	8	static
../Core/Src/main.c:157:6:run_test_procedure	16	static
../Core/Src/main.c:178:6:CheckReceivedData	8	static
../Core/Src/main.c:189:6:parse_received_data	104	static
../Core/Src/main.c:216:5:main	8	static
../Core/Src/main.c:307:6:SystemClock_Config	88	static
../Core/Src/main.c:353:6:PeriphCommonClock_Config	104	static
../Core/Src/main.c:379:13:MX_I2S1_Init	8	static
../Core/Src/main.c:413:13:MX_I2S2_Init	8	static
../Core/Src/main.c:447:13:MX_I2S3_Init	8	static
../Core/Src/main.c:481:13:MX_SPI4_Init	8	static
../Core/Src/main.c:519:13:MX_USART1_UART_Init	8	static
../Core/Src/main.c:552:13:MX_USART3_UART_Init	8	static
../Core/Src/main.c:585:13:MX_GPIO_Init	56	static
../Core/Src/main.c:648:6:Error_Handler	4	static,ignoring_inline_asm
