../Core/Src/main.c:77:6:CheckReceivedData	8	static
../Core/Src/main.c:94:5:main	24	static
../Core/Src/main.c:169:6:SystemClock_Config	88	static
../Core/Src/main.c:215:6:PeriphCommonClock_Config	104	static
../Core/Src/main.c:241:13:MX_I2S1_Init	8	static
../Core/Src/main.c:275:13:MX_I2S2_Init	8	static
../Core/Src/main.c:309:13:MX_I2S3_Init	8	static
../Core/Src/main.c:343:13:MX_SPI4_Init	8	static
../Core/Src/main.c:381:13:MX_USART1_UART_Init	8	static
../Core/Src/main.c:414:13:MX_USART3_UART_Init	8	static
../Core/Src/main.c:447:13:MX_GPIO_Init	56	static
../Core/Src/main.c:510:6:Error_Handler	4	static,ignoring_inline_asm
