../Core/Src/main.c:86:6:calculate_three_phase_sine_wave_samples	48	static
../Core/Src/main.c:104:6:DAC8564_Write	24	static
../Core/Src/main.c:115:6:HAL_TIM_PeriodElapsedCallback	16	static
../Core/Src/main.c:127:6:SET_refference	16	static
../Core/Src/main.c:143:5:main	8	static
../Core/Src/main.c:203:6:SystemClock_Config	88	static
../Core/Src/main.c:250:13:MX_SPI1_Init	8	static
../Core/Src/main.c:288:13:MX_TIM2_Init	32	static
../Core/Src/main.c:333:13:MX_USART1_UART_Init	8	static
../Core/Src/main.c:366:13:MX_USART3_UART_Init	8	static
../Core/Src/main.c:399:13:MX_GPIO_Init	48	static
../Core/Src/main.c:449:6:Error_Handler	4	static,ignoring_inline_asm
