../Core/Src/main.c:125:6:calculate_three_phase_sine_wave_samples	72	static
../Core/Src/main.c:193:6:select_test_scenario	16	static
../Core/Src/main.c:247:6:DAC8564_Write	24	static
../Core/Src/main.c:258:6:HAL_TIM_PeriodElapsedCallback	16	static
../Core/Src/main.c:301:6:SET_refference	16	static
../Core/Src/main.c:317:5:main	16	static
../Core/Src/main.c:407:6:SystemClock_Config	88	static
../Core/Src/main.c:454:13:MX_I2S1_Init	8	static
../Core/Src/main.c:488:13:MX_SPI2_Init	8	static
../Core/Src/main.c:526:13:MX_TIM2_Init	32	static
../Core/Src/main.c:571:13:MX_USART1_UART_Init	8	static
../Core/Src/main.c:604:13:MX_USART3_UART_Init	8	static
../Core/Src/main.c:637:13:MX_GPIO_Init	56	static
../Core/Src/main.c:710:6:Error_Handler	4	static,ignoring_inline_asm
