../Core/Src/main.c:118:6:zet_blauw_licht_aan	8	static
../Core/Src/main.c:124:6:zet_groen_licht_aan	8	static
../Core/Src/main.c:130:6:zet_rood_licht_aan	8	static
../Core/Src/main.c:136:6:groen_knipperend	8	static
../Core/Src/main.c:144:6:blauw_knipperend	8	static
../Core/Src/main.c:150:6:update_status	16	static
../Core/Src/main.c:161:5:main	8	static
../Core/Src/main.c:252:6:SystemClock_Config	88	static
../Core/Src/main.c:299:13:MX_I2S1_Init	8	static
../Core/Src/main.c:333:13:MX_SPI2_Init	8	static
../Core/Src/main.c:371:13:MX_USART1_UART_Init	8	static
../Core/Src/main.c:404:13:MX_GPIO_Init	56	static
../Core/Src/main.c:469:6:StartDefaultTask	16	static
../Core/Src/main.c:503:6:StartKnopThread	16	static
../Core/Src/main.c:539:6:StartLEDThread	16	static
../Core/Src/main.c:565:6:Error_Handler	4	static,ignoring_inline_asm
